0 verbose cli C:\Program Files\nodejs\node.exe C:\Program Files\nodejs\node_modules\npm\bin\npm-cli.js
1 info using npm@11.8.0
2 info using node@v25.6.0
3 silly config load:file:C:\Program Files\nodejs\node_modules\npm\npmrc
4 silly config load:file:C:\projects\live-ops-helpdesk\server\.npmrc
5 silly config load:file:C:\Users\soniy\.npmrc
6 silly config load:file:C:\Users\soniy\AppData\Roaming\npm\etc\npmrc
7 verbose title npm install express socket.io pg cors dotenv
8 verbose argv "install" "express" "socket.io" "pg" "cors" "dotenv"
9 verbose logfile logs-max:10 dir:C:\projects\live-ops-helpdesk\server\clean\_logs\2026-05-25T09_00_06_619Z-
10 verbose logfile C:\projects\live-ops-helpdesk\server\clean\_logs\2026-05-25T09_00_06_619Z-debug-0.log
11 silly logfile done cleaning log files
12 silly packumentCache heap:2247622656 maxSize:561905664 maxEntrySize:280952832
13 silly idealTree buildDeps
14 silly fetch manifest express@*
15 silly packumentCache full:https://registry.npmjs.org/express cache-miss
16 http fetch GET 200 https://registry.npmjs.org/express 524ms (cache miss)
17 silly packumentCache full:https://registry.npmjs.org/express set size:undefined disposed:false
18 silly fetch manifest socket.io@*
19 silly packumentCache full:https://registry.npmjs.org/socket.io cache-miss
20 http fetch GET 200 https://registry.npmjs.org/socket.io 104ms (cache miss)
21 silly packumentCache full:https://registry.npmjs.org/socket.io set size:undefined disposed:false
22 silly fetch manifest pg@*
23 silly packumentCache full:https://registry.npmjs.org/pg cache-miss
24 http fetch GET 200 https://registry.npmjs.org/pg 119ms (cache miss)
25 silly packumentCache full:https://registry.npmjs.org/pg set size:undefined disposed:false
26 silly fetch manifest pg-native@>=3.0.1
27 silly packumentCache full:https://registry.npmjs.org/pg-native cache-miss
28 http fetch GET 200 https://registry.npmjs.org/pg-native 126ms (cache miss)
29 silly packumentCache full:https://registry.npmjs.org/pg-native set size:undefined disposed:false
30 silly fetch manifest cors@*
31 silly packumentCache full:https://registry.npmjs.org/cors cache-miss
32 http fetch GET 200 https://registry.npmjs.org/cors 108ms (cache miss)
33 silly packumentCache full:https://registry.npmjs.org/cors set size:undefined disposed:false
34 silly fetch manifest dotenv@*
35 silly packumentCache full:https://registry.npmjs.org/dotenv cache-miss
36 http fetch GET 200 https://registry.npmjs.org/dotenv 92ms (cache miss)
37 silly packumentCache full:https://registry.npmjs.org/dotenv set size:undefined disposed:false
38 silly placeDep ROOT cors@2.8.6 OK for: server@1.0.0 want: *
39 silly placeDep ROOT dotenv@17.4.2 OK for: server@1.0.0 want: *
40 silly placeDep ROOT express@5.2.1 OK for: server@1.0.0 want: *
41 silly placeDep ROOT pg@8.21.0 OK for: server@1.0.0 want: *
42 silly placeDep ROOT socket.io@4.8.3 OK for: server@1.0.0 want: *
43 silly fetch manifest object-assign@^4
44 silly packumentCache full:https://registry.npmjs.org/object-assign cache-miss
45 silly fetch manifest vary@^1
46 silly packumentCache full:https://registry.npmjs.org/vary cache-miss
47 silly fetch manifest qs@^6.14.0
48 silly packumentCache full:https://registry.npmjs.org/qs cache-miss
49 http fetch GET 200 https://registry.npmjs.org/object-assign 100ms (cache miss)
50 silly packumentCache full:https://registry.npmjs.org/object-assign set size:undefined disposed:false
51 silly fetch manifest depd@^2.0.0
52 silly packumentCache full:https://registry.npmjs.org/depd cache-miss
53 http fetch GET 200 https://registry.npmjs.org/depd 110ms (cache miss)
54 silly packumentCache full:https://registry.npmjs.org/depd set size:undefined disposed:false
55 silly fetch manifest etag@^1.8.1
56 silly packumentCache full:https://registry.npmjs.org/etag cache-miss
57 http fetch GET 200 https://registry.npmjs.org/vary 318ms (cache miss)
58 silly packumentCache full:https://registry.npmjs.org/vary set size:undefined disposed:false
59 silly fetch manifest once@^1.4.0
60 silly packumentCache full:https://registry.npmjs.org/once cache-miss
61 http fetch GET 200 https://registry.npmjs.org/etag 119ms (cache miss)
62 silly packumentCache full:https://registry.npmjs.org/etag set size:undefined disposed:false
63 silly fetch manifest send@^1.1.0
64 silly packumentCache full:https://registry.npmjs.org/send cache-miss
65 http fetch GET 200 https://registry.npmjs.org/qs 362ms (cache miss)
66 silly packumentCache full:https://registry.npmjs.org/qs set size:undefined disposed:false
67 silly fetch manifest vary@^1.1.2
68 silly packumentCache full:https://registry.npmjs.org/vary cache-miss
69 http cache https://registry.npmjs.org/vary 20ms (cache hit)
70 silly packumentCache full:https://registry.npmjs.org/vary set size:15994 disposed:false
71 silly fetch manifest debug@^4.4.0
72 silly packumentCache full:https://registry.npmjs.org/debug cache-miss
73 http fetch GET 200 https://registry.npmjs.org/send 85ms (cache miss)
74 silly packumentCache full:https://registry.npmjs.org/send set size:undefined disposed:false
75 silly fetch manifest fresh@^2.0.0
76 silly packumentCache full:https://registry.npmjs.org/fresh cache-miss
77 http fetch GET 200 https://registry.npmjs.org/once 109ms (cache miss)
78 silly packumentCache full:https://registry.npmjs.org/once set size:undefined disposed:false
79 silly fetch manifest cookie@^0.7.1
80 silly packumentCache full:https://registry.npmjs.org/cookie cache-miss
81 http fetch GET 200 https://registry.npmjs.org/fresh 91ms (cache miss)
82 silly packumentCache full:https://registry.npmjs.org/fresh set size:undefined disposed:false
83 silly fetch manifest router@^2.2.0
84 silly packumentCache full:https://registry.npmjs.org/router cache-miss
85 http fetch GET 200 https://registry.npmjs.org/debug 125ms (cache miss)
86 silly packumentCache full:https://registry.npmjs.org/debug set size:undefined disposed:false
87 silly fetch manifest accepts@^2.0.0
88 silly packumentCache full:https://registry.npmjs.org/accepts cache-miss
89 http fetch GET 200 https://registry.npmjs.org/accepts 87ms (cache miss)
90 silly packumentCache full:https://registry.npmjs.org/accepts set size:undefined disposed:false
91 silly fetch manifest type-is@^2.0.1
92 silly packumentCache full:https://registry.npmjs.org/type-is cache-miss
93 http fetch GET 200 https://registry.npmjs.org/router 117ms (cache miss)
94 silly packumentCache full:https://registry.npmjs.org/router set size:undefined disposed:false
95 silly fetch manifest parseurl@^1.3.3
96 silly packumentCache full:https://registry.npmjs.org/parseurl cache-miss
97 http fetch GET 200 https://registry.npmjs.org/type-is 74ms (cache miss)
98 silly packumentCache full:https://registry.npmjs.org/type-is set size:undefined disposed:false
99 silly fetch manifest statuses@^2.0.1
100 silly packumentCache full:https://registry.npmjs.org/statuses cache-miss
101 http fetch GET 200 https://registry.npmjs.org/parseurl 98ms (cache miss)
102 silly packumentCache full:https://registry.npmjs.org/parseurl set size:undefined disposed:false
103 silly fetch manifest encodeurl@^2.0.0
104 silly packumentCache full:https://registry.npmjs.org/encodeurl cache-miss
105 http fetch GET 200 https://registry.npmjs.org/statuses 78ms (cache miss)
106 silly packumentCache full:https://registry.npmjs.org/statuses set size:undefined disposed:false
107 silly fetch manifest mime-types@^3.0.0
108 silly packumentCache full:https://registry.npmjs.org/mime-types cache-miss
109 http fetch GET 200 https://registry.npmjs.org/cookie 355ms (cache miss)
110 silly packumentCache full:https://registry.npmjs.org/cookie set size:undefined disposed:false
111 silly fetch manifest proxy-addr@^2.0.7
112 silly packumentCache full:https://registry.npmjs.org/proxy-addr cache-miss
113 http fetch GET 200 https://registry.npmjs.org/encodeurl 100ms (cache miss)
114 silly packumentCache full:https://registry.npmjs.org/encodeurl set size:undefined disposed:false
115 silly fetch manifest body-parser@^2.2.1
116 silly packumentCache full:https://registry.npmjs.org/body-parser cache-miss
117 http fetch GET 200 https://registry.npmjs.org/mime-types 77ms (cache miss)
118 silly packumentCache full:https://registry.npmjs.org/mime-types set size:undefined disposed:false
119 silly fetch manifest escape-html@^1.0.3
120 silly packumentCache full:https://registry.npmjs.org/escape-html cache-miss
121 http fetch GET 200 https://registry.npmjs.org/proxy-addr 89ms (cache miss)
122 silly packumentCache full:https://registry.npmjs.org/proxy-addr set size:undefined disposed:false
123 silly fetch manifest http-errors@^2.0.0
124 silly packumentCache full:https://registry.npmjs.org/http-errors cache-miss
125 http fetch GET 200 https://registry.npmjs.org/escape-html 67ms (cache miss)
126 silly packumentCache full:https://registry.npmjs.org/escape-html set size:undefined disposed:false
127 silly fetch manifest on-finished@^2.4.1
128 silly packumentCache full:https://registry.npmjs.org/on-finished cache-miss
129 http fetch GET 200 https://registry.npmjs.org/body-parser 102ms (cache miss)
130 silly packumentCache full:https://registry.npmjs.org/body-parser set size:undefined disposed:false
131 silly fetch manifest content-type@^1.0.5
132 silly packumentCache full:https://registry.npmjs.org/content-type cache-miss
133 http fetch GET 200 https://registry.npmjs.org/http-errors 101ms (cache miss)
134 silly packumentCache full:https://registry.npmjs.org/http-errors set size:undefined disposed:false
135 silly fetch manifest finalhandler@^2.1.0
136 silly packumentCache full:https://registry.npmjs.org/finalhandler cache-miss
137 http fetch GET 200 https://registry.npmjs.org/on-finished 82ms (cache miss)
138 silly packumentCache full:https://registry.npmjs.org/on-finished set size:undefined disposed:false
139 silly fetch manifest range-parser@^1.2.1
140 silly packumentCache full:https://registry.npmjs.org/range-parser cache-miss
141 http fetch GET 200 https://registry.npmjs.org/content-type 92ms (cache miss)
142 silly packumentCache full:https://registry.npmjs.org/content-type set size:undefined disposed:false
143 silly fetch manifest serve-static@^2.2.0
144 silly packumentCache full:https://registry.npmjs.org/serve-static cache-miss
145 http fetch GET 200 https://registry.npmjs.org/finalhandler 93ms (cache miss)
146 silly packumentCache full:https://registry.npmjs.org/finalhandler set size:undefined disposed:false
147 silly fetch manifest cookie-signature@^1.2.1
148 silly packumentCache full:https://registry.npmjs.org/cookie-signature cache-miss
149 http fetch GET 200 https://registry.npmjs.org/range-parser 85ms (cache miss)
150 silly packumentCache full:https://registry.npmjs.org/range-parser set size:undefined disposed:false
151 silly fetch manifest merge-descriptors@^2.0.0
152 silly packumentCache full:https://registry.npmjs.org/merge-descriptors cache-miss
153 http fetch GET 200 https://registry.npmjs.org/merge-descriptors 87ms (cache miss)
154 silly packumentCache full:https://registry.npmjs.org/merge-descriptors set size:undefined disposed:false
155 silly fetch manifest content-disposition@^1.0.0
156 silly packumentCache full:https://registry.npmjs.org/content-disposition cache-miss
157 http fetch GET 200 https://registry.npmjs.org/serve-static 142ms (cache miss)
158 silly packumentCache full:https://registry.npmjs.org/serve-static set size:undefined disposed:false
159 silly fetch manifest pg-connection-string@^2.13.0
160 silly packumentCache full:https://registry.npmjs.org/pg-connection-string cache-miss
161 http fetch GET 200 https://registry.npmjs.org/cookie-signature 110ms (cache miss)
162 silly packumentCache full:https://registry.npmjs.org/cookie-signature set size:undefined disposed:false
163 silly fetch manifest pg-pool@^3.14.0
164 silly packumentCache full:https://registry.npmjs.org/pg-pool cache-miss
165 http fetch GET 200 https://registry.npmjs.org/pg-connection-string 79ms (cache miss)
166 silly packumentCache full:https://registry.npmjs.org/pg-connection-string set size:undefined disposed:false
167 silly fetch manifest pg-protocol@^1.14.0
168 silly packumentCache full:https://registry.npmjs.org/pg-protocol cache-miss
169 http fetch GET 200 https://registry.npmjs.org/pg-pool 92ms (cache miss)
170 silly packumentCache full:https://registry.npmjs.org/pg-pool set size:undefined disposed:false
171 silly fetch manifest pg-types@2.2.0
172 silly packumentCache full:https://registry.npmjs.org/pg-types cache-miss
173 http fetch GET 200 https://registry.npmjs.org/pg-protocol 74ms (cache miss)
174 silly packumentCache full:https://registry.npmjs.org/pg-protocol set size:undefined disposed:false
175 silly fetch manifest pgpass@1.0.5
176 silly packumentCache full:https://registry.npmjs.org/pgpass cache-miss
177 http fetch GET 200 https://registry.npmjs.org/pg-types 82ms (cache miss)
178 silly packumentCache full:https://registry.npmjs.org/pg-types set size:undefined disposed:false
179 silly fetch manifest pg-cloudflare@^1.4.0
180 silly packumentCache full:https://registry.npmjs.org/pg-cloudflare cache-miss
181 http fetch GET 200 https://registry.npmjs.org/pgpass 77ms (cache miss)
182 silly packumentCache full:https://registry.npmjs.org/pgpass set size:undefined disposed:false
183 silly fetch manifest accepts@~1.3.4
184 silly packumentCache full:https://registry.npmjs.org/accepts cache-miss
185 http cache https://registry.npmjs.org/accepts 13ms (cache hit)
186 silly packumentCache full:https://registry.npmjs.org/accepts set size:77054 disposed:false
187 silly fetch manifest base64id@~2.0.0
188 silly packumentCache full:https://registry.npmjs.org/base64id cache-miss
189 http fetch GET 200 https://registry.npmjs.org/pg-cloudflare 85ms (cache miss)
190 silly packumentCache full:https://registry.npmjs.org/pg-cloudflare set size:undefined disposed:false
191 silly fetch manifest debug@~4.4.1
192 silly packumentCache full:https://registry.npmjs.org/debug cache-miss
193 http cache https://registry.npmjs.org/debug 13ms (cache hit)
194 silly packumentCache full:https://registry.npmjs.org/debug set size:195840 disposed:false
195 silly fetch manifest engine.io@~6.6.0
196 silly packumentCache full:https://registry.npmjs.org/engine.io cache-miss
197 http fetch GET 200 https://registry.npmjs.org/base64id 78ms (cache miss)
198 silly packumentCache full:https://registry.npmjs.org/base64id set size:undefined disposed:false
199 silly fetch manifest socket.io-adapter@~2.5.2
200 silly packumentCache full:https://registry.npmjs.org/socket.io-adapter cache-miss
201 http fetch GET 200 https://registry.npmjs.org/content-disposition 380ms (cache miss)
202 silly packumentCache full:https://registry.npmjs.org/content-disposition set size:undefined disposed:false
203 silly fetch manifest socket.io-parser@~4.2.4
204 silly packumentCache full:https://registry.npmjs.org/socket.io-parser cache-miss
205 http fetch GET 200 https://registry.npmjs.org/socket.io-adapter 87ms (cache miss)
206 silly packumentCache full:https://registry.npmjs.org/socket.io-adapter set size:undefined disposed:false
207 http fetch GET 200 https://registry.npmjs.org/engine.io 156ms (cache miss)
208 silly packumentCache full:https://registry.npmjs.org/engine.io set size:undefined disposed:false
209 http fetch GET 200 https://registry.npmjs.org/socket.io-parser 101ms (cache miss)
210 silly packumentCache full:https://registry.npmjs.org/socket.io-parser set size:undefined disposed:false
211 silly placeDep ROOT object-assign@4.1.1 OK for: cors@2.8.6 want: ^4
212 silly placeDep ROOT vary@1.1.2 OK for: cors@2.8.6 want: ^1
213 silly placeDep ROOT accepts@2.0.0 OK for: express@5.2.1 want: ^2.0.0
214 silly placeDep ROOT body-parser@2.2.2 OK for: express@5.2.1 want: ^2.2.1
215 silly placeDep ROOT content-disposition@1.1.0 OK for: express@5.2.1 want: ^1.0.0
216 silly placeDep ROOT content-type@1.0.5 OK for: express@5.2.1 want: ^1.0.5
217 silly placeDep ROOT cookie@0.7.2 OK for: express@5.2.1 want: ^0.7.1
218 silly placeDep ROOT cookie-signature@1.2.2 OK for: express@5.2.1 want: ^1.2.1
219 silly placeDep ROOT debug@4.4.3 OK for: express@5.2.1 want: ^4.4.0
220 silly placeDep ROOT depd@2.0.0 OK for: express@5.2.1 want: ^2.0.0
221 silly placeDep ROOT encodeurl@2.0.0 OK for: express@5.2.1 want: ^2.0.0
222 silly placeDep ROOT escape-html@1.0.3 OK for: express@5.2.1 want: ^1.0.3
223 silly placeDep ROOT etag@1.8.1 OK for: express@5.2.1 want: ^1.8.1
224 silly placeDep ROOT finalhandler@2.1.1 OK for: express@5.2.1 want: ^2.1.0
225 silly placeDep ROOT fresh@2.0.0 OK for: express@5.2.1 want: ^2.0.0
226 silly placeDep ROOT http-errors@2.0.1 OK for: express@5.2.1 want: ^2.0.0
227 silly placeDep ROOT merge-descriptors@2.0.0 OK for: express@5.2.1 want: ^2.0.0
228 silly placeDep ROOT mime-types@3.0.2 OK for: express@5.2.1 want: ^3.0.0
229 silly placeDep ROOT on-finished@2.4.1 OK for: express@5.2.1 want: ^2.4.1
230 silly placeDep ROOT once@1.4.0 OK for: express@5.2.1 want: ^1.4.0
231 silly placeDep ROOT parseurl@1.3.3 OK for: express@5.2.1 want: ^1.3.3
232 silly placeDep ROOT proxy-addr@2.0.7 OK for: express@5.2.1 want: ^2.0.7
233 silly placeDep ROOT qs@6.15.2 OK for: express@5.2.1 want: ^6.14.0
234 silly placeDep ROOT range-parser@1.2.1 OK for: express@5.2.1 want: ^1.2.1
235 silly placeDep ROOT router@2.2.0 OK for: express@5.2.1 want: ^2.2.0
236 silly placeDep ROOT send@1.2.1 OK for: express@5.2.1 want: ^1.1.0
237 silly placeDep ROOT serve-static@2.2.1 OK for: express@5.2.1 want: ^2.2.0
238 silly placeDep ROOT statuses@2.0.2 OK for: express@5.2.1 want: ^2.0.1
239 silly placeDep ROOT type-is@2.1.0 OK for: express@5.2.1 want: ^2.0.1
240 silly fetch manifest negotiator@^1.0.0
241 silly packumentCache full:https://registry.npmjs.org/negotiator cache-miss
242 silly fetch manifest qs@^6.14.1
243 silly packumentCache full:https://registry.npmjs.org/qs cache-miss
244 silly fetch manifest bytes@^3.1.2
245 silly packumentCache full:https://registry.npmjs.org/bytes cache-miss
246 http cache https://registry.npmjs.org/qs 16ms (cache hit)
247 silly packumentCache full:https://registry.npmjs.org/qs set size:356906 disposed:false
248 silly fetch manifest debug@^4.4.3
249 silly packumentCache full:https://registry.npmjs.org/debug cache-hit
250 silly fetch manifest raw-body@^3.0.1
251 silly packumentCache full:https://registry.npmjs.org/raw-body cache-miss
252 http fetch GET 200 https://registry.npmjs.org/negotiator 133ms (cache miss)
253 silly packumentCache full:https://registry.npmjs.org/negotiator set size:undefined disposed:false
254 silly fetch manifest iconv-lite@^0.7.0
255 silly packumentCache full:https://registry.npmjs.org/iconv-lite cache-miss
256 http fetch GET 200 https://registry.npmjs.org/bytes 145ms (cache miss)
257 silly packumentCache full:https://registry.npmjs.org/bytes set size:undefined disposed:false
258 silly fetch manifest ms@^2.1.3
259 silly packumentCache full:https://registry.npmjs.org/ms cache-miss
260 http fetch GET 200 https://registry.npmjs.org/raw-body 127ms (cache miss)
261 silly packumentCache full:https://registry.npmjs.org/raw-body set size:undefined disposed:false
262 silly fetch manifest inherits@~2.0.4
263 silly packumentCache full:https://registry.npmjs.org/inherits cache-miss
264 http fetch GET 200 https://registry.npmjs.org/iconv-lite 92ms (cache miss)
265 silly packumentCache full:https://registry.npmjs.org/iconv-lite set size:undefined disposed:false
266 silly fetch manifest setprototypeof@~1.2.0
267 silly packumentCache full:https://registry.npmjs.org/setprototypeof cache-miss
268 http fetch GET 200 https://registry.npmjs.org/inherits 97ms (cache miss)
269 silly packumentCache full:https://registry.npmjs.org/inherits set size:undefined disposed:false
270 silly fetch manifest statuses@~2.0.2
271 silly packumentCache full:https://registry.npmjs.org/statuses cache-miss
272 http fetch GET 200 https://registry.npmjs.org/ms 108ms (cache miss)
273 silly packumentCache full:https://registry.npmjs.org/ms set size:undefined disposed:false
274 silly fetch manifest toidentifier@~1.0.1
275 silly packumentCache full:https://registry.npmjs.org/toidentifier cache-miss
276 http cache https://registry.npmjs.org/statuses 27ms (cache hit)
277 silly packumentCache full:https://registry.npmjs.org/statuses set size:37117 disposed:false
278 silly fetch manifest mime-db@^1.54.0
279 silly packumentCache full:https://registry.npmjs.org/mime-db cache-miss
280 http fetch GET 200 https://registry.npmjs.org/setprototypeof 81ms (cache miss)
281 silly packumentCache full:https://registry.npmjs.org/setprototypeof set size:undefined disposed:false
282 silly fetch manifest ee-first@1.1.1
283 silly packumentCache full:https://registry.npmjs.org/ee-first cache-miss
284 http fetch GET 200 https://registry.npmjs.org/toidentifier 133ms (cache miss)
285 silly packumentCache full:https://registry.npmjs.org/toidentifier set size:undefined disposed:false
286 silly fetch manifest wrappy@1
287 silly packumentCache full:https://registry.npmjs.org/wrappy cache-miss
288 http fetch GET 200 https://registry.npmjs.org/mime-db 119ms (cache miss)
289 silly packumentCache full:https://registry.npmjs.org/mime-db set size:undefined disposed:false
290 silly fetch manifest forwarded@0.2.0
291 silly packumentCache full:https://registry.npmjs.org/forwarded cache-miss
292 http fetch GET 200 https://registry.npmjs.org/ee-first 100ms (cache miss)
293 silly packumentCache full:https://registry.npmjs.org/ee-first set size:undefined disposed:false
294 silly fetch manifest ipaddr.js@1.9.1
295 silly packumentCache full:https://registry.npmjs.org/ipaddr.js cache-miss
296 http fetch GET 200 https://registry.npmjs.org/wrappy 102ms (cache miss)
297 silly packumentCache full:https://registry.npmjs.org/wrappy set size:undefined disposed:false
298 silly fetch manifest side-channel@^1.1.0
299 silly packumentCache full:https://registry.npmjs.org/side-channel cache-miss
300 http fetch GET 200 https://registry.npmjs.org/forwarded 103ms (cache miss)
301 silly packumentCache full:https://registry.npmjs.org/forwarded set size:undefined disposed:false
302 silly fetch manifest is-promise@^4.0.0
303 silly packumentCache full:https://registry.npmjs.org/is-promise cache-miss
304 http fetch GET 200 https://registry.npmjs.org/ipaddr.js 100ms (cache miss)
305 silly packumentCache full:https://registry.npmjs.org/ipaddr.js set size:undefined disposed:false
306 silly fetch manifest path-to-regexp@^8.0.0
307 silly packumentCache full:https://registry.npmjs.org/path-to-regexp cache-miss
308 http fetch GET 200 https://registry.npmjs.org/side-channel 87ms (cache miss)
309 silly packumentCache full:https://registry.npmjs.org/side-channel set size:undefined disposed:false
310 silly fetch manifest statuses@^2.0.2
311 silly packumentCache full:https://registry.npmjs.org/statuses cache-hit
312 silly fetch manifest content-type@^2.0.0
313 silly packumentCache full:https://registry.npmjs.org/content-type cache-miss
314 http cache https://registry.npmjs.org/content-type 19ms (cache hit)
315 silly packumentCache full:https://registry.npmjs.org/content-type set size:18994 disposed:false
316 silly fetch manifest media-typer@^1.1.0
317 silly packumentCache full:https://registry.npmjs.org/media-typer cache-miss
318 http fetch GET 200 https://registry.npmjs.org/is-promise 108ms (cache miss)
319 silly packumentCache full:https://registry.npmjs.org/is-promise set size:undefined disposed:false
320 http fetch GET 200 https://registry.npmjs.org/path-to-regexp 116ms (cache miss)
321 silly packumentCache full:https://registry.npmjs.org/path-to-regexp set size:undefined disposed:false
322 http fetch GET 200 https://registry.npmjs.org/media-typer 113ms (cache miss)
323 silly packumentCache full:https://registry.npmjs.org/media-typer set size:undefined disposed:false
324 silly placeDep ROOT negotiator@1.0.0 OK for: accepts@2.0.0 want: ^1.0.0
325 silly placeDep ROOT bytes@3.1.2 OK for: body-parser@2.2.2 want: ^3.1.2
326 silly placeDep ROOT iconv-lite@0.7.2 OK for: body-parser@2.2.2 want: ^0.7.0
327 silly placeDep ROOT raw-body@3.0.2 OK for: body-parser@2.2.2 want: ^3.0.1
328 silly fetch manifest safer-buffer@>= 2.1.2 < 3.0.0
329 silly packumentCache full:https://registry.npmjs.org/safer-buffer cache-miss
330 silly fetch manifest unpipe@~1.0.0
331 silly packumentCache full:https://registry.npmjs.org/unpipe cache-miss
332 http fetch GET 200 https://registry.npmjs.org/safer-buffer 105ms (cache miss)
333 silly packumentCache full:https://registry.npmjs.org/safer-buffer set size:undefined disposed:false
334 http fetch GET 200 https://registry.npmjs.org/unpipe 127ms (cache miss)
335 silly packumentCache full:https://registry.npmjs.org/unpipe set size:undefined disposed:false
336 silly placeDep ROOT ms@2.1.3 OK for: debug@4.4.3 want: ^2.1.3
337 silly placeDep ROOT inherits@2.0.4 OK for: http-errors@2.0.1 want: ~2.0.4
338 silly placeDep ROOT setprototypeof@1.2.0 OK for: http-errors@2.0.1 want: ~1.2.0
339 silly placeDep ROOT toidentifier@1.0.1 OK for: http-errors@2.0.1 want: ~1.0.1
340 silly placeDep ROOT safer-buffer@2.1.2 OK for: iconv-lite@0.7.2 want: >= 2.1.2 < 3.0.0
341 silly placeDep ROOT mime-db@1.54.0 OK for: mime-types@3.0.2 want: ^1.54.0
342 silly placeDep ROOT ee-first@1.1.1 OK for: on-finished@2.4.1 want: 1.1.1
343 silly placeDep ROOT wrappy@1.0.2 OK for: once@1.4.0 want: 1
344 silly fetch manifest pg@>=8.0
345 silly packumentCache full:https://registry.npmjs.org/pg cache-miss
346 http cache https://registry.npmjs.org/pg 27ms (cache hit)
347 silly packumentCache full:https://registry.npmjs.org/pg set size:477609 disposed:false
348 silly placeDep ROOT pg-cloudflare@1.4.0 OK for: pg@8.21.0 want: ^1.4.0
349 silly placeDep ROOT pg-connection-string@2.13.0 OK for: pg@8.21.0 want: ^2.13.0
350 silly placeDep ROOT pg-pool@3.14.0 OK for: pg@8.21.0 want: ^3.14.0
351 silly placeDep ROOT pg-protocol@1.14.0 OK for: pg@8.21.0 want: ^1.14.0
352 silly placeDep ROOT pg-types@2.2.0 OK for: pg@8.21.0 want: 2.2.0
353 silly placeDep ROOT pgpass@1.0.5 OK for: pg@8.21.0 want: 1.0.5
354 silly fetch manifest pg-int8@1.0.1
355 silly packumentCache full:https://registry.npmjs.org/pg-int8 cache-miss
356 silly fetch manifest postgres-date@~1.0.4
357 silly packumentCache full:https://registry.npmjs.org/postgres-date cache-miss
358 silly fetch manifest postgres-array@~2.0.0
359 silly packumentCache full:https://registry.npmjs.org/postgres-array cache-miss
360 http fetch GET 200 https://registry.npmjs.org/postgres-array 123ms (cache miss)
361 silly packumentCache full:https://registry.npmjs.org/postgres-array set size:undefined disposed:false
362 silly fetch manifest postgres-bytea@~1.0.0
363 silly packumentCache full:https://registry.npmjs.org/postgres-bytea cache-miss
364 http fetch GET 200 https://registry.npmjs.org/pg-int8 130ms (cache miss)
365 silly packumentCache full:https://registry.npmjs.org/pg-int8 set size:undefined disposed:false
366 silly fetch manifest postgres-interval@^1.1.0
367 silly packumentCache full:https://registry.npmjs.org/postgres-interval cache-miss
368 http fetch GET 200 https://registry.npmjs.org/postgres-date 133ms (cache miss)
369 silly packumentCache full:https://registry.npmjs.org/postgres-date set size:undefined disposed:false
370 silly fetch manifest split2@^4.1.0
371 silly packumentCache full:https://registry.npmjs.org/split2 cache-miss
372 http fetch GET 200 https://registry.npmjs.org/postgres-bytea 98ms (cache miss)
373 silly packumentCache full:https://registry.npmjs.org/postgres-bytea set size:undefined disposed:false
374 http fetch GET 200 https://registry.npmjs.org/postgres-interval 105ms (cache miss)
375 silly packumentCache full:https://registry.npmjs.org/postgres-interval set size:undefined disposed:false
376 http fetch GET 200 https://registry.npmjs.org/split2 107ms (cache miss)
377 silly packumentCache full:https://registry.npmjs.org/split2 set size:undefined disposed:false
378 silly placeDep ROOT pg-int8@1.0.1 OK for: pg-types@2.2.0 want: 1.0.1
379 silly placeDep ROOT postgres-array@2.0.0 OK for: pg-types@2.2.0 want: ~2.0.0
380 silly placeDep ROOT postgres-bytea@1.0.1 OK for: pg-types@2.2.0 want: ~1.0.0
381 silly placeDep ROOT postgres-date@1.0.7 OK for: pg-types@2.2.0 want: ~1.0.4
382 silly placeDep ROOT postgres-interval@1.2.0 OK for: pg-types@2.2.0 want: ^1.1.0
383 silly fetch manifest xtend@^4.0.0
384 silly packumentCache full:https://registry.npmjs.org/xtend cache-miss
385 http fetch GET 200 https://registry.npmjs.org/xtend 83ms (cache miss)
386 silly packumentCache full:https://registry.npmjs.org/xtend set size:undefined disposed:false
387 silly placeDep ROOT split2@4.2.0 OK for: pgpass@1.0.5 want: ^4.1.0
388 silly placeDep ROOT xtend@4.0.2 OK for: postgres-interval@1.2.0 want: ^4.0.0
389 silly placeDep ROOT forwarded@0.2.0 OK for: proxy-addr@2.0.7 want: 0.2.0
390 silly placeDep ROOT ipaddr.js@1.9.1 OK for: proxy-addr@2.0.7 want: 1.9.1
391 silly placeDep ROOT side-channel@1.1.0 OK for: qs@6.15.2 want: ^1.1.0
392 silly fetch manifest es-errors@^1.3.0
393 silly packumentCache full:https://registry.npmjs.org/es-errors cache-miss
394 silly fetch manifest object-inspect@^1.13.3
395 silly packumentCache full:https://registry.npmjs.org/object-inspect cache-miss
396 silly fetch manifest side-channel-list@^1.0.0
397 silly packumentCache full:https://registry.npmjs.org/side-channel-list cache-miss
398 http fetch GET 200 https://registry.npmjs.org/side-channel-list 75ms (cache miss)
399 silly packumentCache full:https://registry.npmjs.org/side-channel-list set size:undefined disposed:false
400 silly fetch manifest side-channel-map@^1.0.1
401 silly packumentCache full:https://registry.npmjs.org/side-channel-map cache-miss
402 http fetch GET 200 https://registry.npmjs.org/object-inspect 109ms (cache miss)
403 silly packumentCache full:https://registry.npmjs.org/object-inspect set size:undefined disposed:false
404 silly fetch manifest side-channel-weakmap@^1.0.2
405 silly packumentCache full:https://registry.npmjs.org/side-channel-weakmap cache-miss
406 http fetch GET 200 https://registry.npmjs.org/side-channel-map 82ms (cache miss)
407 silly packumentCache full:https://registry.npmjs.org/side-channel-map set size:undefined disposed:false
408 http fetch GET 200 https://registry.npmjs.org/side-channel-weakmap 99ms (cache miss)
409 silly packumentCache full:https://registry.npmjs.org/side-channel-weakmap set size:undefined disposed:false
410 http fetch GET 200 https://registry.npmjs.org/es-errors 598ms (cache miss)
411 silly packumentCache full:https://registry.npmjs.org/es-errors set size:undefined disposed:false
412 silly placeDep ROOT unpipe@1.0.0 OK for: raw-body@3.0.2 want: ~1.0.0
413 silly placeDep ROOT is-promise@4.0.0 OK for: router@2.2.0 want: ^4.0.0
414 silly placeDep ROOT path-to-regexp@8.4.2 OK for: router@2.2.0 want: ^8.0.0
415 silly placeDep ROOT es-errors@1.3.0 OK for: side-channel@1.1.0 want: ^1.3.0
416 silly placeDep ROOT object-inspect@1.13.4 OK for: side-channel@1.1.0 want: ^1.13.3
417 silly placeDep ROOT side-channel-list@1.0.1 OK for: side-channel@1.1.0 want: ^1.0.0
418 silly placeDep ROOT side-channel-map@1.0.1 OK for: side-channel@1.1.0 want: ^1.0.1
419 silly placeDep ROOT side-channel-weakmap@1.0.2 OK for: side-channel@1.1.0 want: ^1.0.2
420 silly fetch manifest call-bound@^1.0.2
421 silly packumentCache full:https://registry.npmjs.org/call-bound cache-miss
422 silly fetch manifest get-intrinsic@^1.2.5
423 silly packumentCache full:https://registry.npmjs.org/get-intrinsic cache-miss
424 silly fetch manifest call-bound@^1.0.2
425 silly packumentCache full:https://registry.npmjs.org/call-bound cache-miss
426 http fetch GET 200 https://registry.npmjs.org/call-bound 109ms (cache miss)
427 silly packumentCache full:https://registry.npmjs.org/call-bound set size:undefined disposed:false
428 silly fetch manifest get-intrinsic@^1.2.5
429 silly packumentCache full:https://registry.npmjs.org/get-intrinsic cache-miss
430 http fetch GET 200 https://registry.npmjs.org/call-bound 112ms (cache miss)
431 silly packumentCache full:https://registry.npmjs.org/call-bound set size:undefined disposed:false
432 http fetch GET 200 https://registry.npmjs.org/get-intrinsic 116ms (cache miss)
433 silly packumentCache full:https://registry.npmjs.org/get-intrinsic set size:undefined disposed:false
434 http cache https://registry.npmjs.org/get-intrinsic 17ms (cache hit)
435 silly packumentCache full:https://registry.npmjs.org/get-intrinsic set size:60985 disposed:false
436 silly placeDep ROOT call-bound@1.0.4 OK for: side-channel-map@1.0.1 want: ^1.0.2
437 silly placeDep ROOT get-intrinsic@1.3.0 OK for: side-channel-map@1.0.1 want: ^1.2.5
438 silly fetch manifest call-bind-apply-helpers@^1.0.2
439 silly packumentCache full:https://registry.npmjs.org/call-bind-apply-helpers cache-miss
440 silly fetch manifest get-intrinsic@^1.3.0
441 silly packumentCache full:https://registry.npmjs.org/get-intrinsic cache-hit
442 silly fetch manifest gopd@^1.2.0
443 silly packumentCache full:https://registry.npmjs.org/gopd cache-miss
444 silly fetch manifest hasown@^2.0.2
445 silly packumentCache full:https://registry.npmjs.org/hasown cache-miss
446 http fetch GET 200 https://registry.npmjs.org/call-bind-apply-helpers 85ms (cache miss)
447 silly packumentCache full:https://registry.npmjs.org/call-bind-apply-helpers set size:undefined disposed:false
448 silly fetch manifest get-proto@^1.0.1
449 silly packumentCache full:https://registry.npmjs.org/get-proto cache-miss
450 http fetch GET 200 https://registry.npmjs.org/gopd 90ms (cache miss)
451 silly packumentCache full:https://registry.npmjs.org/gopd set size:undefined disposed:false
452 silly fetch manifest has-symbols@^1.1.0
453 silly packumentCache full:https://registry.npmjs.org/has-symbols cache-miss
454 http fetch GET 200 https://registry.npmjs.org/hasown 99ms (cache miss)
455 silly packumentCache full:https://registry.npmjs.org/hasown set size:undefined disposed:false
456 silly fetch manifest function-bind@^1.1.2
457 silly packumentCache full:https://registry.npmjs.org/function-bind cache-miss
458 http fetch GET 200 https://registry.npmjs.org/get-proto 66ms (cache miss)
459 silly packumentCache full:https://registry.npmjs.org/get-proto set size:undefined disposed:false
460 silly fetch manifest es-object-atoms@^1.1.1
461 silly packumentCache full:https://registry.npmjs.org/es-object-atoms cache-miss
462 http fetch GET 200 https://registry.npmjs.org/function-bind 92ms (cache miss)
463 silly packumentCache full:https://registry.npmjs.org/function-bind set size:undefined disposed:false
464 silly fetch manifest math-intrinsics@^1.1.0
465 silly packumentCache full:https://registry.npmjs.org/math-intrinsics cache-miss
466 http fetch GET 200 https://registry.npmjs.org/has-symbols 107ms (cache miss)
467 silly packumentCache full:https://registry.npmjs.org/has-symbols set size:undefined disposed:false
468 silly fetch manifest es-define-property@^1.0.1
469 silly packumentCache full:https://registry.npmjs.org/es-define-property cache-miss
470 http fetch GET 200 https://registry.npmjs.org/es-object-atoms 79ms (cache miss)
471 silly packumentCache full:https://registry.npmjs.org/es-object-atoms set size:undefined disposed:false
472 http fetch GET 200 https://registry.npmjs.org/es-define-property 84ms (cache miss)
473 silly packumentCache full:https://registry.npmjs.org/es-define-property set size:undefined disposed:false
474 http fetch GET 200 https://registry.npmjs.org/math-intrinsics 98ms (cache miss)
475 silly packumentCache full:https://registry.npmjs.org/math-intrinsics set size:undefined disposed:false
476 silly placeDep ROOT call-bind-apply-helpers@1.0.2 OK for: call-bound@1.0.4 want: ^1.0.2
477 silly placeDep ROOT function-bind@1.1.2 OK for: call-bind-apply-helpers@1.0.2 want: ^1.1.2
478 silly placeDep ROOT es-define-property@1.0.1 OK for: get-intrinsic@1.3.0 want: ^1.0.1
479 silly placeDep ROOT es-object-atoms@1.1.2 OK for: get-intrinsic@1.3.0 want: ^1.1.1
480 silly placeDep ROOT get-proto@1.0.1 OK for: get-intrinsic@1.3.0 want: ^1.0.1
481 silly placeDep ROOT gopd@1.2.0 OK for: get-intrinsic@1.3.0 want: ^1.2.0
482 silly placeDep ROOT has-symbols@1.1.0 OK for: get-intrinsic@1.3.0 want: ^1.1.0
483 silly placeDep ROOT hasown@2.0.3 OK for: get-intrinsic@1.3.0 want: ^2.0.2
484 silly placeDep ROOT math-intrinsics@1.1.0 OK for: get-intrinsic@1.3.0 want: ^1.1.0
485 silly fetch manifest dunder-proto@^1.0.1
486 silly packumentCache full:https://registry.npmjs.org/dunder-proto cache-miss
487 http fetch GET 200 https://registry.npmjs.org/dunder-proto 76ms (cache miss)
488 silly packumentCache full:https://registry.npmjs.org/dunder-proto set size:undefined disposed:false
489 silly placeDep ROOT dunder-proto@1.0.1 OK for: get-proto@1.0.1 want: ^1.0.1
490 silly placeDep node_modules/socket.io accepts@1.3.8 OK for: socket.io@4.8.3 want: ~1.3.4
491 silly placeDep ROOT base64id@2.0.0 OK for: socket.io@4.8.3 want: ~2.0.0
492 silly placeDep ROOT engine.io@6.6.8 OK for: socket.io@4.8.3 want: ~6.6.0
493 silly placeDep ROOT socket.io-adapter@2.5.7 OK for: socket.io@4.8.3 want: ~2.5.2
494 silly placeDep ROOT socket.io-parser@4.2.6 OK for: socket.io@4.8.3 want: ~4.2.4
495 silly fetch manifest mime-types@~2.1.34
496 silly packumentCache full:https://registry.npmjs.org/mime-types cache-miss
497 silly fetch manifest negotiator@0.6.3
498 silly packumentCache full:https://registry.npmjs.org/negotiator cache-miss
499 silly fetch manifest @types/cors@^2.8.12
500 silly packumentCache full:https://registry.npmjs.org/@types%2fcors cache-miss
501 http cache https://registry.npmjs.org/mime-types 17ms (cache hit)
502 silly packumentCache full:https://registry.npmjs.org/mime-types set size:139110 disposed:false
503 silly fetch manifest @types/node@>=10.0.0
504 silly packumentCache full:https://registry.npmjs.org/@types%2fnode cache-miss
505 http cache https://registry.npmjs.org/negotiator 24ms (cache hit)
506 silly packumentCache full:https://registry.npmjs.org/negotiator set size:48046 disposed:false
507 silly fetch manifest @types/ws@^8.5.12
508 silly packumentCache full:https://registry.npmjs.org/@types%2fws cache-miss
509 http fetch GET 200 https://registry.npmjs.org/@types%2fcors 104ms (cache miss)
510 silly packumentCache full:https://registry.npmjs.org/@types%2fcors set size:undefined disposed:false
511 silly fetch manifest engine.io-parser@~5.2.1
512 silly packumentCache full:https://registry.npmjs.org/engine.io-parser cache-miss
513 http fetch GET 200 https://registry.npmjs.org/@types%2fws 132ms (cache miss)
514 silly packumentCache full:https://registry.npmjs.org/@types%2fws set size:undefined disposed:false
515 silly fetch manifest ws@~8.20.1
516 silly packumentCache full:https://registry.npmjs.org/ws cache-miss
517 http fetch GET 200 https://registry.npmjs.org/engine.io-parser 125ms (cache miss)
518 silly packumentCache full:https://registry.npmjs.org/engine.io-parser set size:undefined disposed:false
519 silly fetch manifest ws@~8.20.1
520 silly packumentCache full:https://registry.npmjs.org/ws cache-miss
521 http fetch GET 200 https://registry.npmjs.org/ws 108ms (cache miss)
522 silly packumentCache full:https://registry.npmjs.org/ws set size:undefined disposed:false
523 silly fetch manifest @socket.io/component-emitter@~3.1.0
524 silly packumentCache full:https://registry.npmjs.org/@socket.io%2fcomponent-emitter cache-miss
525 http fetch GET 200 https://registry.npmjs.org/ws 132ms (cache miss)
526 silly packumentCache full:https://registry.npmjs.org/ws set size:undefined disposed:false
527 http fetch GET 200 https://registry.npmjs.org/@socket.io%2fcomponent-emitter 104ms (cache miss)
528 silly packumentCache full:https://registry.npmjs.org/@socket.io%2fcomponent-emitter set size:undefined disposed:false
529 http fetch GET 200 https://registry.npmjs.org/@types%2fnode 475ms (cache miss)
530 silly packumentCache full:https://registry.npmjs.org/@types%2fnode set size:undefined disposed:false
531 silly fetch manifest bufferutil@^4.0.1
532 silly packumentCache full:https://registry.npmjs.org/bufferutil cache-miss
533 http fetch GET 200 https://registry.npmjs.org/bufferutil 133ms (cache miss)
534 silly packumentCache full:https://registry.npmjs.org/bufferutil set size:undefined disposed:false
535 silly fetch manifest utf-8-validate@>=5.0.2
536 silly packumentCache full:https://registry.npmjs.org/utf-8-validate cache-miss
537 http fetch GET 200 https://registry.npmjs.org/utf-8-validate 79ms (cache miss)
538 silly packumentCache full:https://registry.npmjs.org/utf-8-validate set size:undefined disposed:false
539 silly placeDep ROOT @types/cors@2.8.19 OK for: engine.io@6.6.8 want: ^2.8.12
540 silly placeDep ROOT @types/node@25.9.1 OK for: engine.io@6.6.8 want: >=10.0.0
541 silly placeDep ROOT @types/ws@8.18.1 OK for: engine.io@6.6.8 want: ^8.5.12
542 silly placeDep node_modules/engine.io accepts@1.3.8 OK for: engine.io@6.6.8 want: ~1.3.4
543 silly placeDep ROOT engine.io-parser@5.2.3 OK for: engine.io@6.6.8 want: ~5.2.1
544 silly placeDep ROOT ws@8.20.1 OK for: engine.io@6.6.8 want: ~8.20.1
545 silly fetch manifest @types/node@*
546 silly packumentCache full:https://registry.npmjs.org/@types%2fnode cache-miss
547 silly fetch manifest undici-types@>=7.24.0 <7.24.7
548 silly packumentCache full:https://registry.npmjs.org/undici-types cache-miss
549 http cache https://registry.npmjs.org/@types%2fnode 66ms (cache hit)
550 silly packumentCache full:https://registry.npmjs.org/@types%2fnode set size:11015753 disposed:false
551 http fetch GET 200 https://registry.npmjs.org/undici-types 241ms (cache miss)
552 silly packumentCache full:https://registry.npmjs.org/undici-types set size:undefined disposed:false
553 silly placeDep ROOT undici-types@7.24.6 OK for: @types/node@25.9.1 want: >=7.24.0 <7.24.7
554 silly placeDep ROOT @socket.io/component-emitter@3.1.2 OK for: socket.io-parser@4.2.6 want: ~3.1.0
555 silly placeDep node_modules/type-is content-type@2.0.0 OK for: type-is@2.1.0 want: ^2.0.0
556 silly placeDep ROOT media-typer@1.1.0 OK for: type-is@2.1.0 want: ^1.1.0
557 silly placeDep node_modules/engine.io mime-types@2.1.35 OK for: accepts@1.3.8 want: ~2.1.34
558 silly placeDep node_modules/engine.io negotiator@0.6.3 OK for: accepts@1.3.8 want: 0.6.3
559 silly fetch manifest mime-db@1.52.0
560 silly packumentCache full:https://registry.npmjs.org/mime-db cache-miss
561 http cache https://registry.npmjs.org/mime-db 11ms (cache hit)
562 silly packumentCache full:https://registry.npmjs.org/mime-db set size:164953 disposed:false
563 silly placeDep node_modules/engine.io mime-db@1.52.0 OK for: mime-types@2.1.35 want: 1.52.0
564 silly placeDep node_modules/socket.io mime-types@2.1.35 OK for: accepts@1.3.8 want: ~2.1.34
565 silly placeDep node_modules/socket.io negotiator@0.6.3 OK for: accepts@1.3.8 want: 0.6.3
566 silly placeDep node_modules/socket.io mime-db@1.52.0 OK for: mime-types@2.1.35 want: 1.52.0
567 silly reify moves {}
568 silly audit bulk request {
568 silly audit   cors: [ '2.8.6' ],
568 silly audit   dotenv: [ '17.4.2' ],
568 silly audit   express: [ '5.2.1' ],
568 silly audit   pg: [ '8.21.0' ],
568 silly audit   'socket.io': [ '4.8.3' ],
568 silly audit   'object-assign': [ '4.1.1' ],
568 silly audit   vary: [ '1.1.2' ],
568 silly audit   accepts: [ '2.0.0', '1.3.8' ],
568 silly audit   'body-parser': [ '2.2.2' ],
568 silly audit   'content-disposition': [ '1.1.0' ],
568 silly audit   'content-type': [ '1.0.5', '2.0.0' ],
568 silly audit   cookie: [ '0.7.2' ],
568 silly audit   'cookie-signature': [ '1.2.2' ],
568 silly audit   debug: [ '4.4.3' ],
568 silly audit   depd: [ '2.0.0' ],
568 silly audit   encodeurl: [ '2.0.0' ],
568 silly audit   'escape-html': [ '1.0.3' ],
568 silly audit   etag: [ '1.8.1' ],
568 silly audit   finalhandler: [ '2.1.1' ],
568 silly audit   fresh: [ '2.0.0' ],
568 silly audit   'http-errors': [ '2.0.1' ],
568 silly audit   'merge-descriptors': [ '2.0.0' ],
568 silly audit   'mime-types': [ '3.0.2', '2.1.35' ],
568 silly audit   'on-finished': [ '2.4.1' ],
568 silly audit   once: [ '1.4.0' ],
568 silly audit   parseurl: [ '1.3.3' ],
568 silly audit   'proxy-addr': [ '2.0.7' ],
568 silly audit   qs: [ '6.15.2' ],
568 silly audit   'range-parser': [ '1.2.1' ],
568 silly audit   router: [ '2.2.0' ],
568 silly audit   send: [ '1.2.1' ],
568 silly audit   'serve-static': [ '2.2.1' ],
568 silly audit   statuses: [ '2.0.2' ],
568 silly audit   'type-is': [ '2.1.0' ],
568 silly audit   negotiator: [ '1.0.0', '0.6.3' ],
568 silly audit   bytes: [ '3.1.2' ],
568 silly audit   'iconv-lite': [ '0.7.2' ],
568 silly audit   'raw-body': [ '3.0.2' ],
568 silly audit   ms: [ '2.1.3' ],
568 silly audit   inherits: [ '2.0.4' ],
568 silly audit   setprototypeof: [ '1.2.0' ],
568 silly audit   toidentifier: [ '1.0.1' ],
568 silly audit   'safer-buffer': [ '2.1.2' ],
568 silly audit   'mime-db': [ '1.54.0', '1.52.0' ],
568 silly audit   'ee-first': [ '1.1.1' ],
568 silly audit   wrappy: [ '1.0.2' ],
568 silly audit   'pg-cloudflare': [ '1.4.0' ],
568 silly audit   'pg-connection-string': [ '2.13.0' ],
568 silly audit   'pg-pool': [ '3.14.0' ],
568 silly audit   'pg-protocol': [ '1.14.0' ],
568 silly audit   'pg-types': [ '2.2.0' ],
568 silly audit   pgpass: [ '1.0.5' ],
568 silly audit   'pg-int8': [ '1.0.1' ],
568 silly audit   'postgres-array': [ '2.0.0' ],
568 silly audit   'postgres-bytea': [ '1.0.1' ],
568 silly audit   'postgres-date': [ '1.0.7' ],
568 silly audit   'postgres-interval': [ '1.2.0' ],
568 silly audit   split2: [ '4.2.0' ],
568 silly audit   xtend: [ '4.0.2' ],
568 silly audit   forwarded: [ '0.2.0' ],
568 silly audit   'ipaddr.js': [ '1.9.1' ],
568 silly audit   'side-channel': [ '1.1.0' ],
568 silly audit   unpipe: [ '1.0.0' ],
568 silly audit   'is-promise': [ '4.0.0' ],
568 silly audit   'path-to-regexp': [ '8.4.2' ],
568 silly audit   'es-errors': [ '1.3.0' ],
568 silly audit   'object-inspect': [ '1.13.4' ],
568 silly audit   'side-channel-list': [ '1.0.1' ],
568 silly audit   'side-channel-map': [ '1.0.1' ],
568 silly audit   'side-channel-weakmap': [ '1.0.2' ],
568 silly audit   'call-bound': [ '1.0.4' ],
568 silly audit   'get-intrinsic': [ '1.3.0' ],
568 silly audit   'call-bind-apply-helpers': [ '1.0.2' ],
568 silly audit   'function-bind': [ '1.1.2' ],
568 silly audit   'es-define-property': [ '1.0.1' ],
568 silly audit   'es-object-atoms': [ '1.1.2' ],
568 silly audit   'get-proto': [ '1.0.1' ],
568 silly audit   gopd: [ '1.2.0' ],
568 silly audit   'has-symbols': [ '1.1.0' ],
568 silly audit   hasown: [ '2.0.3' ],
568 silly audit   'math-intrinsics': [ '1.1.0' ],
568 silly audit   'dunder-proto': [ '1.0.1' ],
568 silly audit   base64id: [ '2.0.0' ],
568 silly audit   'engine.io': [ '6.6.8' ],
568 silly audit   'socket.io-adapter': [ '2.5.7' ],
568 silly audit   'socket.io-parser': [ '4.2.6' ],
568 silly audit   '@types/cors': [ '2.8.19' ],
568 silly audit   '@types/node': [ '25.9.1' ],
568 silly audit   '@types/ws': [ '8.18.1' ],
568 silly audit   'engine.io-parser': [ '5.2.3' ],
568 silly audit   ws: [ '8.20.1' ],
568 silly audit   'undici-types': [ '7.24.6' ],
568 silly audit   '@socket.io/component-emitter': [ '3.1.2' ],
568 silly audit   'media-typer': [ '1.1.0' ]
568 silly audit }
569 http cache @socket.io/component-emitter@https://registry.npmjs.org/@socket.io/component-emitter/-/component-emitter-3.1.2.tgz 0ms (cache hit)
570 http cache media-typer@https://registry.npmjs.org/media-typer/-/media-typer-1.1.0.tgz 0ms (cache hit)
571 http cache undici-types@https://registry.npmjs.org/undici-types/-/undici-types-7.24.6.tgz 0ms (cache hit)
572 http cache ws@https://registry.npmjs.org/ws/-/ws-8.20.1.tgz 0ms (cache hit)
573 http cache engine.io-parser@https://registry.npmjs.org/engine.io-parser/-/engine.io-parser-5.2.3.tgz 0ms (cache hit)
574 http cache socket.io-parser@https://registry.npmjs.org/socket.io-parser/-/socket.io-parser-4.2.6.tgz 0ms (cache hit)
575 http cache @types/ws@https://registry.npmjs.org/@types/ws/-/ws-8.18.1.tgz 0ms (cache hit)
576 http cache @types/node@https://registry.npmjs.org/@types/node/-/node-25.9.1.tgz 0ms (cache hit)
577 http cache @types/cors@https://registry.npmjs.org/@types/cors/-/cors-2.8.19.tgz 0ms (cache hit)
578 http cache socket.io-adapter@https://registry.npmjs.org/socket.io-adapter/-/socket.io-adapter-2.5.7.tgz 0ms (cache hit)
579 http cache engine.io@https://registry.npmjs.org/engine.io/-/engine.io-6.6.8.tgz 0ms (cache hit)
580 http cache base64id@https://registry.npmjs.org/base64id/-/base64id-2.0.0.tgz 0ms (cache hit)
581 http cache dunder-proto@https://registry.npmjs.org/dunder-proto/-/dunder-proto-1.0.1.tgz 0ms (cache hit)
582 http cache math-intrinsics@https://registry.npmjs.org/math-intrinsics/-/math-intrinsics-1.1.0.tgz 0ms (cache hit)
583 http cache has-symbols@https://registry.npmjs.org/has-symbols/-/has-symbols-1.1.0.tgz 0ms (cache hit)
584 http cache gopd@https://registry.npmjs.org/gopd/-/gopd-1.2.0.tgz 0ms (cache hit)
585 http cache hasown@https://registry.npmjs.org/hasown/-/hasown-2.0.3.tgz 1ms (cache hit)
586 http cache get-proto@https://registry.npmjs.org/get-proto/-/get-proto-1.0.1.tgz 0ms (cache hit)
587 http cache es-object-atoms@https://registry.npmjs.org/es-object-atoms/-/es-object-atoms-1.1.2.tgz 0ms (cache hit)
588 http cache es-define-property@https://registry.npmjs.org/es-define-property/-/es-define-property-1.0.1.tgz 0ms (cache hit)
589 http cache call-bind-apply-helpers@https://registry.npmjs.org/call-bind-apply-helpers/-/call-bind-apply-helpers-1.0.2.tgz 1ms (cache hit)
590 http cache get-intrinsic@https://registry.npmjs.org/get-intrinsic/-/get-intrinsic-1.3.0.tgz 0ms (cache hit)
591 http cache function-bind@https://registry.npmjs.org/function-bind/-/function-bind-1.1.2.tgz 0ms (cache hit)
592 http cache call-bound@https://registry.npmjs.org/call-bound/-/call-bound-1.0.4.tgz 0ms (cache hit)
593 http cache side-channel-weakmap@https://registry.npmjs.org/side-channel-weakmap/-/side-channel-weakmap-1.0.2.tgz 0ms (cache hit)
594 http cache side-channel-map@https://registry.npmjs.org/side-channel-map/-/side-channel-map-1.0.1.tgz 0ms (cache hit)
595 http cache side-channel-list@https://registry.npmjs.org/side-channel-list/-/side-channel-list-1.0.1.tgz 0ms (cache hit)
596 http cache object-inspect@https://registry.npmjs.org/object-inspect/-/object-inspect-1.13.4.tgz 0ms (cache hit)
597 http cache es-errors@https://registry.npmjs.org/es-errors/-/es-errors-1.3.0.tgz 0ms (cache hit)
598 http cache path-to-regexp@https://registry.npmjs.org/path-to-regexp/-/path-to-regexp-8.4.2.tgz 0ms (cache hit)
599 http cache is-promise@https://registry.npmjs.org/is-promise/-/is-promise-4.0.0.tgz 0ms (cache hit)
600 http cache unpipe@https://registry.npmjs.org/unpipe/-/unpipe-1.0.0.tgz 0ms (cache hit)
601 http cache side-channel@https://registry.npmjs.org/side-channel/-/side-channel-1.1.0.tgz 0ms (cache hit)
602 http cache forwarded@https://registry.npmjs.org/forwarded/-/forwarded-0.2.0.tgz 0ms (cache hit)
603 http cache ipaddr.js@https://registry.npmjs.org/ipaddr.js/-/ipaddr.js-1.9.1.tgz 0ms (cache hit)
604 http cache xtend@https://registry.npmjs.org/xtend/-/xtend-4.0.2.tgz 0ms (cache hit)
605 http cache split2@https://registry.npmjs.org/split2/-/split2-4.2.0.tgz 0ms (cache hit)
606 http cache postgres-date@https://registry.npmjs.org/postgres-date/-/postgres-date-1.0.7.tgz 0ms (cache hit)
607 http cache postgres-interval@https://registry.npmjs.org/postgres-interval/-/postgres-interval-1.2.0.tgz 0ms (cache hit)
608 http cache postgres-bytea@https://registry.npmjs.org/postgres-bytea/-/postgres-bytea-1.0.1.tgz 0ms (cache hit)
609 http cache postgres-array@https://registry.npmjs.org/postgres-array/-/postgres-array-2.0.0.tgz 0ms (cache hit)
610 http cache pg-int8@https://registry.npmjs.org/pg-int8/-/pg-int8-1.0.1.tgz 0ms (cache hit)
611 http cache pgpass@https://registry.npmjs.org/pgpass/-/pgpass-1.0.5.tgz 0ms (cache hit)
612 http cache pg-types@https://registry.npmjs.org/pg-types/-/pg-types-2.2.0.tgz 0ms (cache hit)
613 http cache pg-protocol@https://registry.npmjs.org/pg-protocol/-/pg-protocol-1.14.0.tgz 0ms (cache hit)
614 http cache pg-pool@https://registry.npmjs.org/pg-pool/-/pg-pool-3.14.0.tgz 0ms (cache hit)
615 http cache pg-connection-string@https://registry.npmjs.org/pg-connection-string/-/pg-connection-string-2.13.0.tgz 0ms (cache hit)
616 http cache pg-cloudflare@https://registry.npmjs.org/pg-cloudflare/-/pg-cloudflare-1.4.0.tgz 0ms (cache hit)
617 http cache wrappy@https://registry.npmjs.org/wrappy/-/wrappy-1.0.2.tgz 0ms (cache hit)
618 http cache toidentifier@https://registry.npmjs.org/toidentifier/-/toidentifier-1.0.1.tgz 0ms (cache hit)
619 http cache ee-first@https://registry.npmjs.org/ee-first/-/ee-first-1.1.1.tgz 0ms (cache hit)
620 http cache mime-db@https://registry.npmjs.org/mime-db/-/mime-db-1.54.0.tgz 0ms (cache hit)
621 http cache safer-buffer@https://registry.npmjs.org/safer-buffer/-/safer-buffer-2.1.2.tgz 0ms (cache hit)
622 http cache inherits@https://registry.npmjs.org/inherits/-/inherits-2.0.4.tgz 0ms (cache hit)
623 http cache ms@https://registry.npmjs.org/ms/-/ms-2.1.3.tgz 0ms (cache hit)
624 http cache raw-body@https://registry.npmjs.org/raw-body/-/raw-body-3.0.2.tgz 0ms (cache hit)
625 http cache negotiator@https://registry.npmjs.org/negotiator/-/negotiator-1.0.0.tgz 0ms (cache hit)
626 http cache bytes@https://registry.npmjs.org/bytes/-/bytes-3.1.2.tgz 0ms (cache hit)
627 http cache iconv-lite@https://registry.npmjs.org/iconv-lite/-/iconv-lite-0.7.2.tgz 0ms (cache hit)
628 http cache setprototypeof@https://registry.npmjs.org/setprototypeof/-/setprototypeof-1.2.0.tgz 0ms (cache hit)
629 http cache type-is@https://registry.npmjs.org/type-is/-/type-is-2.1.0.tgz 0ms (cache hit)
630 http cache statuses@https://registry.npmjs.org/statuses/-/statuses-2.0.2.tgz 0ms (cache hit)
631 http cache send@https://registry.npmjs.org/send/-/send-1.2.1.tgz 0ms (cache hit)
632 http cache serve-static@https://registry.npmjs.org/serve-static/-/serve-static-2.2.1.tgz 0ms (cache hit)
633 http cache range-parser@https://registry.npmjs.org/range-parser/-/range-parser-1.2.1.tgz 0ms (cache hit)
634 http cache router@https://registry.npmjs.org/router/-/router-2.2.0.tgz 0ms (cache hit)
635 http cache qs@https://registry.npmjs.org/qs/-/qs-6.15.2.tgz 0ms (cache hit)
636 http cache parseurl@https://registry.npmjs.org/parseurl/-/parseurl-1.3.3.tgz 0ms (cache hit)
637 http cache once@https://registry.npmjs.org/once/-/once-1.4.0.tgz 0ms (cache hit)
638 http cache proxy-addr@https://registry.npmjs.org/proxy-addr/-/proxy-addr-2.0.7.tgz 0ms (cache hit)
639 http cache on-finished@https://registry.npmjs.org/on-finished/-/on-finished-2.4.1.tgz 1ms (cache hit)
640 http cache merge-descriptors@https://registry.npmjs.org/merge-descriptors/-/merge-descriptors-2.0.0.tgz 0ms (cache hit)
641 http cache http-errors@https://registry.npmjs.org/http-errors/-/http-errors-2.0.1.tgz 0ms (cache hit)
642 http cache mime-types@https://registry.npmjs.org/mime-types/-/mime-types-3.0.2.tgz 0ms (cache hit)
643 http cache fresh@https://registry.npmjs.org/fresh/-/fresh-2.0.0.tgz 0ms (cache hit)
644 http cache finalhandler@https://registry.npmjs.org/finalhandler/-/finalhandler-2.1.1.tgz 0ms (cache hit)
645 http cache etag@https://registry.npmjs.org/etag/-/etag-1.8.1.tgz 0ms (cache hit)
646 http cache escape-html@https://registry.npmjs.org/escape-html/-/escape-html-1.0.3.tgz 0ms (cache hit)
647 http cache encodeurl@https://registry.npmjs.org/encodeurl/-/encodeurl-2.0.0.tgz 0ms (cache hit)
648 http cache depd@https://registry.npmjs.org/depd/-/depd-2.0.0.tgz 0ms (cache hit)
649 http cache debug@https://registry.npmjs.org/debug/-/debug-4.4.3.tgz 0ms (cache hit)
650 http cache cookie-signature@https://registry.npmjs.org/cookie-signature/-/cookie-signature-1.2.2.tgz 0ms (cache hit)
651 http cache cookie@https://registry.npmjs.org/cookie/-/cookie-0.7.2.tgz 0ms (cache hit)
652 http cache content-type@https://registry.npmjs.org/content-type/-/content-type-1.0.5.tgz 0ms (cache hit)
653 http cache content-disposition@https://registry.npmjs.org/content-disposition/-/content-disposition-1.1.0.tgz 0ms (cache hit)
654 http cache body-parser@https://registry.npmjs.org/body-parser/-/body-parser-2.2.2.tgz 0ms (cache hit)
655 http cache accepts@https://registry.npmjs.org/accepts/-/accepts-2.0.0.tgz 0ms (cache hit)
656 http cache socket.io@https://registry.npmjs.org/socket.io/-/socket.io-4.8.3.tgz 1ms (cache hit)
657 http cache vary@https://registry.npmjs.org/vary/-/vary-1.1.2.tgz 0ms (cache hit)
658 http cache pg@https://registry.npmjs.org/pg/-/pg-8.21.0.tgz 0ms (cache hit)
659 http cache object-assign@https://registry.npmjs.org/object-assign/-/object-assign-4.1.1.tgz 0ms (cache hit)
660 http cache mime-db@https://registry.npmjs.org/mime-db/-/mime-db-1.52.0.tgz 0ms (cache hit)
661 http cache express@https://registry.npmjs.org/express/-/express-5.2.1.tgz 0ms (cache hit)
662 http cache dotenv@https://registry.npmjs.org/dotenv/-/dotenv-17.4.2.tgz 0ms (cache hit)
663 http cache cors@https://registry.npmjs.org/cors/-/cors-2.8.6.tgz 0ms (cache hit)
664 http cache mime-types@https://registry.npmjs.org/mime-types/-/mime-types-2.1.35.tgz 0ms (cache hit)
665 http cache content-type@https://registry.npmjs.org/content-type/-/content-type-2.0.0.tgz 0ms (cache hit)
666 http cache negotiator@https://registry.npmjs.org/negotiator/-/negotiator-0.6.3.tgz 0ms (cache hit)
667 http cache accepts@https://registry.npmjs.org/accepts/-/accepts-1.3.8.tgz 0ms (cache hit)
668 http cache mime-db@https://registry.npmjs.org/mime-db/-/mime-db-1.52.0.tgz 0ms (cache hit)
669 silly tarball no local data for @socket.io/component-emitter@https://registry.npmjs.org/@socket.io/component-emitter/-/component-emitter-3.1.2.tgz. Extracting by manifest.
670 silly tarball no local data for media-typer@https://registry.npmjs.org/media-typer/-/media-typer-1.1.0.tgz. Extracting by manifest.
671 silly tarball no local data for undici-types@https://registry.npmjs.org/undici-types/-/undici-types-7.24.6.tgz. Extracting by manifest.
672 silly tarball no local data for ws@https://registry.npmjs.org/ws/-/ws-8.20.1.tgz. Extracting by manifest.
673 silly tarball no local data for engine.io-parser@https://registry.npmjs.org/engine.io-parser/-/engine.io-parser-5.2.3.tgz. Extracting by manifest.
674 silly tarball no local data for socket.io-parser@https://registry.npmjs.org/socket.io-parser/-/socket.io-parser-4.2.6.tgz. Extracting by manifest.
675 http cache negotiator@https://registry.npmjs.org/negotiator/-/negotiator-0.6.3.tgz 0ms (cache hit)
676 silly tarball no local data for @types/ws@https://registry.npmjs.org/@types/ws/-/ws-8.18.1.tgz. Extracting by manifest.
677 silly tarball no local data for @types/node@https://registry.npmjs.org/@types/node/-/node-25.9.1.tgz. Extracting by manifest.
678 silly tarball no local data for @types/cors@https://registry.npmjs.org/@types/cors/-/cors-2.8.19.tgz. Extracting by manifest.
679 silly tarball no local data for socket.io-adapter@https://registry.npmjs.org/socket.io-adapter/-/socket.io-adapter-2.5.7.tgz. Extracting by manifest.
680 silly tarball no local data for engine.io@https://registry.npmjs.org/engine.io/-/engine.io-6.6.8.tgz. Extracting by manifest.
681 http cache mime-types@https://registry.npmjs.org/mime-types/-/mime-types-2.1.35.tgz 0ms (cache hit)
682 http cache accepts@https://registry.npmjs.org/accepts/-/accepts-1.3.8.tgz 0ms (cache hit)
683 silly tarball no local data for base64id@https://registry.npmjs.org/base64id/-/base64id-2.0.0.tgz. Extracting by manifest.
684 silly tarball no local data for dunder-proto@https://registry.npmjs.org/dunder-proto/-/dunder-proto-1.0.1.tgz. Extracting by manifest.
685 silly tarball no local data for math-intrinsics@https://registry.npmjs.org/math-intrinsics/-/math-intrinsics-1.1.0.tgz. Extracting by manifest.
686 silly tarball no local data for has-symbols@https://registry.npmjs.org/has-symbols/-/has-symbols-1.1.0.tgz. Extracting by manifest.
687 silly tarball no local data for gopd@https://registry.npmjs.org/gopd/-/gopd-1.2.0.tgz. Extracting by manifest.
688 silly tarball no local data for hasown@https://registry.npmjs.org/hasown/-/hasown-2.0.3.tgz. Extracting by manifest.
689 silly tarball no local data for get-proto@https://registry.npmjs.org/get-proto/-/get-proto-1.0.1.tgz. Extracting by manifest.
690 silly tarball no local data for es-object-atoms@https://registry.npmjs.org/es-object-atoms/-/es-object-atoms-1.1.2.tgz. Extracting by manifest.
691 silly tarball no local data for es-define-property@https://registry.npmjs.org/es-define-property/-/es-define-property-1.0.1.tgz. Extracting by manifest.
692 silly tarball no local data for call-bind-apply-helpers@https://registry.npmjs.org/call-bind-apply-helpers/-/call-bind-apply-helpers-1.0.2.tgz. Extracting by manifest.
693 silly tarball no local data for get-intrinsic@https://registry.npmjs.org/get-intrinsic/-/get-intrinsic-1.3.0.tgz. Extracting by manifest.
694 silly tarball no local data for function-bind@https://registry.npmjs.org/function-bind/-/function-bind-1.1.2.tgz. Extracting by manifest.
695 silly tarball no local data for call-bound@https://registry.npmjs.org/call-bound/-/call-bound-1.0.4.tgz. Extracting by manifest.
696 silly tarball no local data for side-channel-weakmap@https://registry.npmjs.org/side-channel-weakmap/-/side-channel-weakmap-1.0.2.tgz. Extracting by manifest.
697 silly tarball no local data for side-channel-map@https://registry.npmjs.org/side-channel-map/-/side-channel-map-1.0.1.tgz. Extracting by manifest.
698 silly tarball no local data for side-channel-list@https://registry.npmjs.org/side-channel-list/-/side-channel-list-1.0.1.tgz. Extracting by manifest.
699 silly tarball no local data for object-inspect@https://registry.npmjs.org/object-inspect/-/object-inspect-1.13.4.tgz. Extracting by manifest.
700 silly tarball no local data for es-errors@https://registry.npmjs.org/es-errors/-/es-errors-1.3.0.tgz. Extracting by manifest.
701 silly tarball no local data for path-to-regexp@https://registry.npmjs.org/path-to-regexp/-/path-to-regexp-8.4.2.tgz. Extracting by manifest.
702 silly tarball no local data for is-promise@https://registry.npmjs.org/is-promise/-/is-promise-4.0.0.tgz. Extracting by manifest.
703 silly tarball no local data for unpipe@https://registry.npmjs.org/unpipe/-/unpipe-1.0.0.tgz. Extracting by manifest.
704 silly tarball no local data for side-channel@https://registry.npmjs.org/side-channel/-/side-channel-1.1.0.tgz. Extracting by manifest.
705 silly tarball no local data for forwarded@https://registry.npmjs.org/forwarded/-/forwarded-0.2.0.tgz. Extracting by manifest.
706 silly tarball no local data for ipaddr.js@https://registry.npmjs.org/ipaddr.js/-/ipaddr.js-1.9.1.tgz. Extracting by manifest.
707 silly tarball no local data for xtend@https://registry.npmjs.org/xtend/-/xtend-4.0.2.tgz. Extracting by manifest.
708 silly tarball no local data for split2@https://registry.npmjs.org/split2/-/split2-4.2.0.tgz. Extracting by manifest.
709 silly tarball no local data for postgres-date@https://registry.npmjs.org/postgres-date/-/postgres-date-1.0.7.tgz. Extracting by manifest.
710 silly tarball no local data for postgres-interval@https://registry.npmjs.org/postgres-interval/-/postgres-interval-1.2.0.tgz. Extracting by manifest.
711 silly tarball no local data for postgres-bytea@https://registry.npmjs.org/postgres-bytea/-/postgres-bytea-1.0.1.tgz. Extracting by manifest.
712 silly tarball no local data for postgres-array@https://registry.npmjs.org/postgres-array/-/postgres-array-2.0.0.tgz. Extracting by manifest.
713 silly tarball no local data for pg-int8@https://registry.npmjs.org/pg-int8/-/pg-int8-1.0.1.tgz. Extracting by manifest.
714 silly tarball no local data for pgpass@https://registry.npmjs.org/pgpass/-/pgpass-1.0.5.tgz. Extracting by manifest.
715 silly tarball no local data for pg-types@https://registry.npmjs.org/pg-types/-/pg-types-2.2.0.tgz. Extracting by manifest.
716 silly tarball no local data for pg-protocol@https://registry.npmjs.org/pg-protocol/-/pg-protocol-1.14.0.tgz. Extracting by manifest.
717 silly tarball no local data for pg-pool@https://registry.npmjs.org/pg-pool/-/pg-pool-3.14.0.tgz. Extracting by manifest.
718 silly tarball no local data for pg-connection-string@https://registry.npmjs.org/pg-connection-string/-/pg-connection-string-2.13.0.tgz. Extracting by manifest.
719 silly tarball no local data for pg-cloudflare@https://registry.npmjs.org/pg-cloudflare/-/pg-cloudflare-1.4.0.tgz. Extracting by manifest.
720 silly tarball no local data for wrappy@https://registry.npmjs.org/wrappy/-/wrappy-1.0.2.tgz. Extracting by manifest.
721 silly tarball no local data for toidentifier@https://registry.npmjs.org/toidentifier/-/toidentifier-1.0.1.tgz. Extracting by manifest.
722 silly tarball no local data for ee-first@https://registry.npmjs.org/ee-first/-/ee-first-1.1.1.tgz. Extracting by manifest.
723 silly tarball no local data for mime-db@https://registry.npmjs.org/mime-db/-/mime-db-1.54.0.tgz. Extracting by manifest.
724 silly tarball no local data for safer-buffer@https://registry.npmjs.org/safer-buffer/-/safer-buffer-2.1.2.tgz. Extracting by manifest.
725 silly tarball no local data for inherits@https://registry.npmjs.org/inherits/-/inherits-2.0.4.tgz. Extracting by manifest.
726 silly tarball no local data for ms@https://registry.npmjs.org/ms/-/ms-2.1.3.tgz. Extracting by manifest.
727 silly tarball no local data for raw-body@https://registry.npmjs.org/raw-body/-/raw-body-3.0.2.tgz. Extracting by manifest.
728 silly tarball no local data for negotiator@https://registry.npmjs.org/negotiator/-/negotiator-1.0.0.tgz. Extracting by manifest.
729 silly tarball no local data for bytes@https://registry.npmjs.org/bytes/-/bytes-3.1.2.tgz. Extracting by manifest.
730 silly tarball no local data for iconv-lite@https://registry.npmjs.org/iconv-lite/-/iconv-lite-0.7.2.tgz. Extracting by manifest.
731 silly tarball no local data for setprototypeof@https://registry.npmjs.org/setprototypeof/-/setprototypeof-1.2.0.tgz. Extracting by manifest.
732 silly tarball no local data for type-is@https://registry.npmjs.org/type-is/-/type-is-2.1.0.tgz. Extracting by manifest.
733 silly tarball no local data for statuses@https://registry.npmjs.org/statuses/-/statuses-2.0.2.tgz. Extracting by manifest.
734 silly tarball no local data for send@https://registry.npmjs.org/send/-/send-1.2.1.tgz. Extracting by manifest.
735 silly tarball no local data for serve-static@https://registry.npmjs.org/serve-static/-/serve-static-2.2.1.tgz. Extracting by manifest.
736 silly tarball no local data for range-parser@https://registry.npmjs.org/range-parser/-/range-parser-1.2.1.tgz. Extracting by manifest.
737 silly tarball no local data for router@https://registry.npmjs.org/router/-/router-2.2.0.tgz. Extracting by manifest.
738 silly tarball no local data for qs@https://registry.npmjs.org/qs/-/qs-6.15.2.tgz. Extracting by manifest.
739 silly tarball no local data for parseurl@https://registry.npmjs.org/parseurl/-/parseurl-1.3.3.tgz. Extracting by manifest.
740 silly tarball no local data for once@https://registry.npmjs.org/once/-/once-1.4.0.tgz. Extracting by manifest.
741 silly tarball no local data for proxy-addr@https://registry.npmjs.org/proxy-addr/-/proxy-addr-2.0.7.tgz. Extracting by manifest.
742 silly tarball no local data for on-finished@https://registry.npmjs.org/on-finished/-/on-finished-2.4.1.tgz. Extracting by manifest.
743 silly tarball no local data for merge-descriptors@https://registry.npmjs.org/merge-descriptors/-/merge-descriptors-2.0.0.tgz. Extracting by manifest.
744 silly tarball no local data for http-errors@https://registry.npmjs.org/http-errors/-/http-errors-2.0.1.tgz. Extracting by manifest.
745 silly tarball no local data for mime-types@https://registry.npmjs.org/mime-types/-/mime-types-3.0.2.tgz. Extracting by manifest.
746 silly tarball no local data for fresh@https://registry.npmjs.org/fresh/-/fresh-2.0.0.tgz. Extracting by manifest.
747 silly tarball no local data for finalhandler@https://registry.npmjs.org/finalhandler/-/finalhandler-2.1.1.tgz. Extracting by manifest.
748 silly tarball no local data for etag@https://registry.npmjs.org/etag/-/etag-1.8.1.tgz. Extracting by manifest.
749 silly tarball no local data for escape-html@https://registry.npmjs.org/escape-html/-/escape-html-1.0.3.tgz. Extracting by manifest.
750 silly tarball no local data for encodeurl@https://registry.npmjs.org/encodeurl/-/encodeurl-2.0.0.tgz. Extracting by manifest.
751 silly tarball no local data for depd@https://registry.npmjs.org/depd/-/depd-2.0.0.tgz. Extracting by manifest.
752 silly tarball no local data for debug@https://registry.npmjs.org/debug/-/debug-4.4.3.tgz. Extracting by manifest.
753 silly tarball no local data for cookie-signature@https://registry.npmjs.org/cookie-signature/-/cookie-signature-1.2.2.tgz. Extracting by manifest.
754 silly tarball no local data for cookie@https://registry.npmjs.org/cookie/-/cookie-0.7.2.tgz. Extracting by manifest.
755 silly tarball no local data for content-type@https://registry.npmjs.org/content-type/-/content-type-1.0.5.tgz. Extracting by manifest.
756 silly tarball no local data for content-disposition@https://registry.npmjs.org/content-disposition/-/content-disposition-1.1.0.tgz. Extracting by manifest.
757 silly tarball no local data for body-parser@https://registry.npmjs.org/body-parser/-/body-parser-2.2.2.tgz. Extracting by manifest.
758 silly tarball no local data for accepts@https://registry.npmjs.org/accepts/-/accepts-2.0.0.tgz. Extracting by manifest.
759 silly tarball no local data for socket.io@https://registry.npmjs.org/socket.io/-/socket.io-4.8.3.tgz. Extracting by manifest.
760 silly tarball no local data for vary@https://registry.npmjs.org/vary/-/vary-1.1.2.tgz. Extracting by manifest.
761 silly tarball no local data for pg@https://registry.npmjs.org/pg/-/pg-8.21.0.tgz. Extracting by manifest.
762 silly tarball no local data for object-assign@https://registry.npmjs.org/object-assign/-/object-assign-4.1.1.tgz. Extracting by manifest.
763 silly tarball no local data for mime-db@https://registry.npmjs.org/mime-db/-/mime-db-1.52.0.tgz. Extracting by manifest.
764 silly tarball no local data for express@https://registry.npmjs.org/express/-/express-5.2.1.tgz. Extracting by manifest.
765 silly tarball no local data for dotenv@https://registry.npmjs.org/dotenv/-/dotenv-17.4.2.tgz. Extracting by manifest.
766 silly tarball no local data for cors@https://registry.npmjs.org/cors/-/cors-2.8.6.tgz. Extracting by manifest.
767 silly tarball no local data for mime-types@https://registry.npmjs.org/mime-types/-/mime-types-2.1.35.tgz. Extracting by manifest.
768 silly tarball no local data for content-type@https://registry.npmjs.org/content-type/-/content-type-2.0.0.tgz. Extracting by manifest.
769 silly tarball no local data for negotiator@https://registry.npmjs.org/negotiator/-/negotiator-0.6.3.tgz. Extracting by manifest.
770 silly tarball no local data for accepts@https://registry.npmjs.org/accepts/-/accepts-1.3.8.tgz. Extracting by manifest.
771 silly tarball no local data for mime-db@https://registry.npmjs.org/mime-db/-/mime-db-1.52.0.tgz. Extracting by manifest.
772 silly tarball no local data for negotiator@https://registry.npmjs.org/negotiator/-/negotiator-0.6.3.tgz. Extracting by manifest.
773 silly tarball no local data for mime-types@https://registry.npmjs.org/mime-types/-/mime-types-2.1.35.tgz. Extracting by manifest.
774 silly tarball no local data for accepts@https://registry.npmjs.org/accepts/-/accepts-1.3.8.tgz. Extracting by manifest.
775 http fetch POST 200 https://registry.npmjs.org/-/npm/v1/security/advisories/bulk 525ms
776 silly audit report {}
777 http fetch GET 200 https://registry.npmjs.org/@socket.io/component-emitter/-/component-emitter-3.1.2.tgz 398ms (cache miss)
778 http fetch GET 200 https://registry.npmjs.org/media-typer/-/media-typer-1.1.0.tgz 429ms (cache miss)
779 http fetch GET 200 https://registry.npmjs.org/get-proto/-/get-proto-1.0.1.tgz 1161ms (cache miss)
780 http fetch GET 200 https://registry.npmjs.org/es-object-atoms/-/es-object-atoms-1.1.2.tgz 1162ms (cache miss)
781 http fetch GET 200 https://registry.npmjs.org/es-define-property/-/es-define-property-1.0.1.tgz 1334ms (cache miss)
782 http fetch GET 200 https://registry.npmjs.org/@types/cors/-/cors-2.8.19.tgz 1459ms (cache miss)
783 http fetch GET 200 https://registry.npmjs.org/call-bind-apply-helpers/-/call-bind-apply-helpers-1.0.2.tgz 1469ms (cache miss)
784 http fetch GET 200 https://registry.npmjs.org/function-bind/-/function-bind-1.1.2.tgz 1464ms (cache miss)
785 http fetch GET 200 https://registry.npmjs.org/is-promise/-/is-promise-4.0.0.tgz 1547ms (cache miss)
786 http fetch GET 200 https://registry.npmjs.org/base64id/-/base64id-2.0.0.tgz 1632ms (cache miss)
787 http fetch GET 200 https://registry.npmjs.org/side-channel/-/side-channel-1.1.0.tgz 1585ms (cache miss)
788 http fetch GET 200 https://registry.npmjs.org/unpipe/-/unpipe-1.0.0.tgz 1658ms (cache miss)
789 http fetch GET 200 https://registry.npmjs.org/postgres-date/-/postgres-date-1.0.7.tgz 1693ms (cache miss)
790 http fetch GET 200 https://registry.npmjs.org/forwarded/-/forwarded-0.2.0.tgz 1702ms (cache miss)
791 http fetch GET 200 https://registry.npmjs.org/pg-int8/-/pg-int8-1.0.1.tgz 1688ms (cache miss)
792 http fetch GET 200 https://registry.npmjs.org/postgres-bytea/-/postgres-bytea-1.0.1.tgz 1693ms (cache miss)
793 http fetch GET 200 https://registry.npmjs.org/pg-pool/-/pg-pool-3.14.0.tgz 1727ms (cache miss)
794 http fetch GET 200 https://registry.npmjs.org/postgres-interval/-/postgres-interval-1.2.0.tgz 1739ms (cache miss)
795 http fetch GET 200 https://registry.npmjs.org/pg-types/-/pg-types-2.2.0.tgz 1777ms (cache miss)
796 http fetch GET 200 https://registry.npmjs.org/postgres-array/-/postgres-array-2.0.0.tgz 1783ms (cache miss)
797 http fetch GET 200 https://registry.npmjs.org/wrappy/-/wrappy-1.0.2.tgz 1772ms (cache miss)
798 http fetch GET 200 https://registry.npmjs.org/ee-first/-/ee-first-1.1.1.tgz 1820ms (cache miss)
799 http fetch GET 200 https://registry.npmjs.org/ms/-/ms-2.1.3.tgz 1819ms (cache miss)
800 http fetch GET 200 https://registry.npmjs.org/merge-descriptors/-/merge-descriptors-2.0.0.tgz 1815ms (cache miss)
801 http fetch GET 200 https://registry.npmjs.org/split2/-/split2-4.2.0.tgz 1886ms (cache miss)
802 http fetch GET 200 https://registry.npmjs.org/setprototypeof/-/setprototypeof-1.2.0.tgz 1851ms (cache miss)
803 http fetch GET 200 https://registry.npmjs.org/type-is/-/type-is-2.1.0.tgz 1858ms (cache miss)
804 http fetch GET 200 https://registry.npmjs.org/once/-/once-1.4.0.tgz 1899ms (cache miss)
805 http fetch GET 200 https://registry.npmjs.org/pgpass/-/pgpass-1.0.5.tgz 2031ms (cache miss)
806 http fetch GET 200 https://registry.npmjs.org/inherits/-/inherits-2.0.4.tgz 2016ms (cache miss)
807 http fetch GET 200 https://registry.npmjs.org/bytes/-/bytes-3.1.2.tgz 2012ms (cache miss)
808 http fetch GET 200 https://registry.npmjs.org/toidentifier/-/toidentifier-1.0.1.tgz 2031ms (cache miss)
809 http fetch GET 200 https://registry.npmjs.org/raw-body/-/raw-body-3.0.2.tgz 2036ms (cache miss)
810 http fetch GET 200 https://registry.npmjs.org/http-errors/-/http-errors-2.0.1.tgz 2011ms (cache miss)
811 http fetch GET 200 https://registry.npmjs.org/xtend/-/xtend-4.0.2.tgz 2168ms (cache miss)
812 http fetch GET 200 https://registry.npmjs.org/send/-/send-1.2.1.tgz 2130ms (cache miss)
813 http fetch GET 200 https://registry.npmjs.org/fresh/-/fresh-2.0.0.tgz 2118ms (cache miss)
814 http fetch GET 200 https://registry.npmjs.org/escape-html/-/escape-html-1.0.3.tgz 2114ms (cache miss)
815 http fetch GET 200 https://registry.npmjs.org/cookie-signature/-/cookie-signature-1.2.2.tgz 2110ms (cache miss)
816 http fetch GET 200 https://registry.npmjs.org/parseurl/-/parseurl-1.3.3.tgz 2165ms (cache miss)
817 http fetch GET 200 https://registry.npmjs.org/encodeurl/-/encodeurl-2.0.0.tgz 2147ms (cache miss)
818 http fetch GET 200 https://registry.npmjs.org/body-parser/-/body-parser-2.2.2.tgz 2139ms (cache miss)
819 http fetch GET 200 https://registry.npmjs.org/range-parser/-/range-parser-1.2.1.tgz 2186ms (cache miss)
820 http fetch GET 200 https://registry.npmjs.org/etag/-/etag-1.8.1.tgz 2165ms (cache miss)
821 http fetch GET 200 https://registry.npmjs.org/mime-types/-/mime-types-3.0.2.tgz 2172ms (cache miss)
822 http fetch GET 200 https://registry.npmjs.org/hasown/-/hasown-2.0.3.tgz 2299ms (cache miss)
823 http fetch GET 200 https://registry.npmjs.org/pg-connection-string/-/pg-connection-string-2.13.0.tgz 2265ms (cache miss)
824 http fetch GET 200 https://registry.npmjs.org/vary/-/vary-1.1.2.tgz 2203ms (cache miss)
825 http fetch GET 200 https://registry.npmjs.org/cors/-/cors-2.8.6.tgz 2201ms (cache miss)
826 http fetch GET 200 https://registry.npmjs.org/accepts/-/accepts-1.3.8.tgz 2207ms (cache miss)
827 http fetch GET 200 https://registry.npmjs.org/content-type/-/content-type-1.0.5.tgz 2226ms (cache miss)
828 http fetch GET 200 https://registry.npmjs.org/negotiator/-/negotiator-0.6.3.tgz 2196ms (cache miss)
829 http fetch GET 200 https://registry.npmjs.org/object-assign/-/object-assign-4.1.1.tgz 2242ms (cache miss)
830 http fetch GET 200 https://registry.npmjs.org/mime-types/-/mime-types-2.1.35.tgz 2244ms (cache miss)
831 http fetch GET 200 https://registry.npmjs.org/accepts/-/accepts-2.0.0.tgz 2271ms (cache miss)
832 http fetch GET 200 https://registry.npmjs.org/statuses/-/statuses-2.0.2.tgz 2328ms (cache miss)
833 http fetch GET 200 https://registry.npmjs.org/accepts/-/accepts-1.3.8.tgz 2247ms (cache miss)
834 http fetch GET 200 https://registry.npmjs.org/@types/ws/-/ws-8.18.1.tgz 2468ms (cache miss)
835 http fetch GET 200 https://registry.npmjs.org/mime-types/-/mime-types-2.1.35.tgz 2268ms (cache miss)
836 http fetch GET 200 https://registry.npmjs.org/get-intrinsic/-/get-intrinsic-1.3.0.tgz 2527ms (cache miss)
837 http fetch GET 200 https://registry.npmjs.org/content-disposition/-/content-disposition-1.1.0.tgz 2429ms (cache miss)
838 http fetch GET 200 https://registry.npmjs.org/serve-static/-/serve-static-2.2.1.tgz 2507ms (cache miss)
839 http fetch GET 200 https://registry.npmjs.org/on-finished/-/on-finished-2.4.1.tgz 2523ms (cache miss)
840 http fetch GET 200 https://registry.npmjs.org/gopd/-/gopd-1.2.0.tgz 2641ms (cache miss)
841 http fetch GET 200 https://registry.npmjs.org/finalhandler/-/finalhandler-2.1.1.tgz 2538ms (cache miss)
842 http fetch GET 200 https://registry.npmjs.org/proxy-addr/-/proxy-addr-2.0.7.tgz 2580ms (cache miss)
843 http fetch GET 200 https://registry.npmjs.org/ipaddr.js/-/ipaddr.js-1.9.1.tgz 2670ms (cache miss)
844 http fetch GET 200 https://registry.npmjs.org/cookie/-/cookie-0.7.2.tgz 2643ms (cache miss)
845 http fetch GET 200 https://registry.npmjs.org/path-to-regexp/-/path-to-regexp-8.4.2.tgz 2735ms (cache miss)
846 http fetch GET 200 https://registry.npmjs.org/content-type/-/content-type-2.0.0.tgz 2706ms (cache miss)
847 http fetch GET 200 https://registry.npmjs.org/debug/-/debug-4.4.3.tgz 2745ms (cache miss)
848 http fetch GET 200 https://registry.npmjs.org/depd/-/depd-2.0.0.tgz 2751ms (cache miss)
849 http fetch GET 200 https://registry.npmjs.org/side-channel-weakmap/-/side-channel-weakmap-1.0.2.tgz 2878ms (cache miss)
850 http fetch GET 200 https://registry.npmjs.org/call-bound/-/call-bound-1.0.4.tgz 2939ms (cache miss)
851 http fetch GET 200 https://registry.npmjs.org/mime-db/-/mime-db-1.52.0.tgz 2841ms (cache miss)
852 http fetch GET 200 https://registry.npmjs.org/side-channel-map/-/side-channel-map-1.0.1.tgz 2998ms (cache miss)
853 http fetch GET 200 https://registry.npmjs.org/safer-buffer/-/safer-buffer-2.1.2.tgz 3019ms (cache miss)
854 http fetch GET 200 https://registry.npmjs.org/side-channel-list/-/side-channel-list-1.0.1.tgz 3091ms (cache miss)
855 http fetch GET 200 https://registry.npmjs.org/negotiator/-/negotiator-0.6.3.tgz 3019ms (cache miss)
856 http fetch GET 200 https://registry.npmjs.org/mime-db/-/mime-db-1.54.0.tgz 3113ms (cache miss)
857 http fetch GET 200 https://registry.npmjs.org/negotiator/-/negotiator-1.0.0.tgz 3107ms (cache miss)
858 http fetch GET 200 https://registry.npmjs.org/router/-/router-2.2.0.tgz 3150ms (cache miss)
859 http fetch GET 200 https://registry.npmjs.org/mime-db/-/mime-db-1.52.0.tgz 3110ms (cache miss)
860 http fetch GET 200 https://registry.npmjs.org/dunder-proto/-/dunder-proto-1.0.1.tgz 3259ms (cache miss)
861 http fetch GET 200 https://registry.npmjs.org/has-symbols/-/has-symbols-1.1.0.tgz 3258ms (cache miss)
862 http fetch GET 200 https://registry.npmjs.org/socket.io-adapter/-/socket.io-adapter-2.5.7.tgz 3269ms (cache miss)
863 http fetch GET 200 https://registry.npmjs.org/express/-/express-5.2.1.tgz 3198ms (cache miss)
864 http fetch GET 200 https://registry.npmjs.org/pg-cloudflare/-/pg-cloudflare-1.4.0.tgz 3279ms (cache miss)
865 http fetch GET 200 https://registry.npmjs.org/es-errors/-/es-errors-1.3.0.tgz 3510ms (cache miss)
866 http fetch GET 200 https://registry.npmjs.org/dotenv/-/dotenv-17.4.2.tgz 3577ms (cache miss)
867 http fetch GET 200 https://registry.npmjs.org/ws/-/ws-8.20.1.tgz 4042ms (cache miss)
868 http fetch GET 200 https://registry.npmjs.org/qs/-/qs-6.15.2.tgz 4012ms (cache miss)
869 http fetch GET 200 https://registry.npmjs.org/pg/-/pg-8.21.0.tgz 3982ms (cache miss)
870 http fetch GET 200 https://registry.npmjs.org/math-intrinsics/-/math-intrinsics-1.1.0.tgz 4147ms (cache miss)
871 http fetch GET 200 https://registry.npmjs.org/socket.io-parser/-/socket.io-parser-4.2.6.tgz 4215ms (cache miss)
872 http fetch GET 200 https://registry.npmjs.org/object-inspect/-/object-inspect-1.13.4.tgz 4243ms (cache miss)
873 http fetch GET 200 https://registry.npmjs.org/iconv-lite/-/iconv-lite-0.7.2.tgz 4203ms (cache miss)
874 http fetch GET 200 https://registry.npmjs.org/undici-types/-/undici-types-7.24.6.tgz 4332ms (cache miss)
875 http fetch GET 200 https://registry.npmjs.org/engine.io-parser/-/engine.io-parser-5.2.3.tgz 4414ms (cache miss)
876 http fetch GET 200 https://registry.npmjs.org/pg-protocol/-/pg-protocol-1.14.0.tgz 4347ms (cache miss)
877 http fetch GET 200 https://registry.npmjs.org/engine.io/-/engine.io-6.6.8.tgz 4446ms (cache miss)
878 http fetch GET 200 https://registry.npmjs.org/socket.io/-/socket.io-4.8.3.tgz 4333ms (cache miss)
879 http fetch GET 200 https://registry.npmjs.org/@types/node/-/node-25.9.1.tgz 4922ms (cache miss)
880 silly ADD node_modules/media-typer
881 silly ADD node_modules/@socket.io/component-emitter
882 silly ADD node_modules/undici-types
883 silly ADD node_modules/ws
884 silly ADD node_modules/engine.io-parser
885 silly ADD node_modules/@types/ws
886 silly ADD node_modules/@types/node
887 silly ADD node_modules/@types/cors
888 silly ADD node_modules/socket.io-parser
889 silly ADD node_modules/socket.io-adapter
890 silly ADD node_modules/engine.io
891 silly ADD node_modules/engine.io/node_modules/mime-db
892 silly ADD node_modules/engine.io/node_modules/negotiator
893 silly ADD node_modules/engine.io/node_modules/mime-types
894 silly ADD node_modules/engine.io/node_modules/accepts
895 silly ADD node_modules/base64id
896 silly ADD node_modules/dunder-proto
897 silly ADD node_modules/math-intrinsics
898 silly ADD node_modules/hasown
899 silly ADD node_modules/has-symbols
900 silly ADD node_modules/gopd
901 silly ADD node_modules/get-proto
902 silly ADD node_modules/es-object-atoms
903 silly ADD node_modules/es-define-property
904 silly ADD node_modules/function-bind
905 silly ADD node_modules/call-bind-apply-helpers
906 silly ADD node_modules/get-intrinsic
907 silly ADD node_modules/call-bound
908 silly ADD node_modules/side-channel-weakmap
909 silly ADD node_modules/side-channel-map
910 silly ADD node_modules/side-channel-list
911 silly ADD node_modules/object-inspect
912 silly ADD node_modules/es-errors
913 silly ADD node_modules/path-to-regexp
914 silly ADD node_modules/is-promise
915 silly ADD node_modules/unpipe
916 silly ADD node_modules/side-channel
917 silly ADD node_modules/ipaddr.js
918 silly ADD node_modules/forwarded
919 silly ADD node_modules/xtend
920 silly ADD node_modules/split2
921 silly ADD node_modules/postgres-interval
922 silly ADD node_modules/postgres-date
923 silly ADD node_modules/postgres-bytea
924 silly ADD node_modules/postgres-array
925 silly ADD node_modules/pg-int8
926 silly ADD node_modules/pgpass
927 silly ADD node_modules/pg-types
928 silly ADD node_modules/pg-protocol
929 silly ADD node_modules/pg-pool
930 silly ADD node_modules/pg-connection-string
931 silly ADD node_modules/pg-cloudflare
932 silly ADD node_modules/wrappy
933 silly ADD node_modules/ee-first
934 silly ADD node_modules/mime-db
935 silly ADD node_modules/safer-buffer
936 silly ADD node_modules/toidentifier
937 silly ADD node_modules/setprototypeof
938 silly ADD node_modules/inherits
939 silly ADD node_modules/ms
940 silly ADD node_modules/raw-body
941 silly ADD node_modules/iconv-lite
942 silly ADD node_modules/bytes
943 silly ADD node_modules/negotiator
944 silly ADD node_modules/type-is
945 silly ADD node_modules/type-is/node_modules/content-type
946 silly ADD node_modules/statuses
947 silly ADD node_modules/serve-static
948 silly ADD node_modules/send
949 silly ADD node_modules/router
950 silly ADD node_modules/range-parser
951 silly ADD node_modules/qs
952 silly ADD node_modules/proxy-addr
953 silly ADD node_modules/parseurl
954 silly ADD node_modules/once
955 silly ADD node_modules/on-finished
956 silly ADD node_modules/mime-types
957 silly ADD node_modules/merge-descriptors
958 silly ADD node_modules/http-errors
959 silly ADD node_modules/fresh
960 silly ADD node_modules/finalhandler
961 silly ADD node_modules/etag
962 silly ADD node_modules/escape-html
963 silly ADD node_modules/encodeurl
964 silly ADD node_modules/depd
965 silly ADD node_modules/debug
966 silly ADD node_modules/cookie-signature
967 silly ADD node_modules/cookie
968 silly ADD node_modules/content-type
969 silly ADD node_modules/content-disposition
970 silly ADD node_modules/body-parser
971 silly ADD node_modules/accepts
972 silly ADD node_modules/vary
973 silly ADD node_modules/object-assign
974 silly ADD node_modules/socket.io
975 silly ADD node_modules/socket.io/node_modules/mime-db
976 silly ADD node_modules/socket.io/node_modules/negotiator
977 silly ADD node_modules/socket.io/node_modules/mime-types
978 silly ADD node_modules/socket.io/node_modules/accepts
979 silly ADD node_modules/pg
980 silly ADD node_modules/express
981 silly ADD node_modules/dotenv
982 silly ADD node_modules/cors
983 verbose cwd C:\projects\live-ops-helpdesk\server
984 verbose os Windows_NT 10.0.26200
985 verbose node v25.6.0
986 verbose npm  v11.8.0
987 verbose exit 0
988 info ok
